#
# There is insufficient memory for the Java Runtime Environment to continue.
# Native memory allocation (malloc) failed to allocate 1048624 bytes. Error detail: Chunk::new
# Possible reasons:
#   The system is out of physical RAM or swap space
#   This process is running with CompressedOops enabled, and the Java Heap may be blocking the growth of the native heap
# Possible solutions:
#   Reduce memory load on the system
#   Increase physical memory or swap space
#   Check if swap backing store is full
#   Decrease Java heap size (-Xmx/-Xms)
#   Decrease number of Java threads
#   Decrease Java thread stack sizes (-Xss)
#   Set larger code cache with -XX:ReservedCodeCacheSize=
#   JVM is running with Unscaled Compressed Oops mode in which the Java heap is
#     placed in the first 4GB address space. The Java Heap base address is the
#     maximum limit for the native heap growth. Please use -XX:HeapBaseMinAddress
#     to set the Java Heap base and to place the Java Heap above 4GB virtual address.
# This output file may be truncated or incomplete.
#
#  Out of Memory Error (arena.cpp:168), pid=14912, tid=25576
#
# JRE version: OpenJDK Runtime Environment Temurin-21.0.10+7 (21.0.10+7) (build 21.0.10+7-LTS)
# Java VM: OpenJDK 64-Bit Server VM Temurin-21.0.10+7 (21.0.10+7-LTS, mixed mode, sharing, tiered, compressed oops, compressed class ptrs, parallel gc, windows-amd64)
# No core dump will be written. Minidumps are not enabled by default on client versions of Windows
#

---------------  S U M M A R Y ------------

Command Line: --add-modules=ALL-SYSTEM --add-opens=java.base/java.util=ALL-UNNAMED --add-opens=java.base/java.lang=ALL-UNNAMED --add-opens=java.base/sun.nio.fs=ALL-UNNAMED -Declipse.application=org.eclipse.jdt.ls.core.id1 -Dosgi.bundles.defaultStartLevel=4 -Declipse.product=org.eclipse.jdt.ls.core.product -Djava.import.generatesMetadataFilesAtProjectRoot=false -DDetectVMInstallationsJob.disabled=true -Dfile.encoding=utf8 -XX:+UseParallelGC -XX:GCTimeRatio=4 -XX:AdaptiveSizePolicyWeight=90 -Dsun.zip.disableMemoryMapping=true -Xmx2G -Xms100m -Xlog:disable -javaagent:c:\Users\LENOVO\.vscode\extensions\redhat.java-1.54.0-win32-x64\lombok\lombok-1.18.39-4050.jar -XX:+HeapDumpOnOutOfMemoryError -XX:HeapDumpPath=c:\Users\LENOVO\AppData\Roaming\Code\User\workspaceStorage\0d88da814efa6f1f61916e2de9831c91\redhat.java -Daether.dependencyCollector.impl=bf c:\Users\LENOVO\.vscode\extensions\redhat.java-1.54.0-win32-x64\server\plugins\org.eclipse.equinox.launcher_1.7.100.v20251111-0406.jar -configuration c:\Users\LENOVO\AppData\Roaming\Code\User\globalStorage\redhat.java\1.54.0\config_win -data c:\Users\LENOVO\AppData\Roaming\Code\User\workspaceStorage\0d88da814efa6f1f61916e2de9831c91\redhat.java\jdt_ws --pipe=\\.\pipe\lsp-6f5e9cab54c90263f5e9269d14e43c28-sock

Host: AMD Ryzen 3 7320U with Radeon Graphics         , 8 cores, 5G,  Windows 11 , 64 bit Build 26100 (10.0.26100.8328)
Time: Tue May 26 16:04:57 2026 Malay Peninsula Standard Time elapsed time: 28.355834 seconds (0d 0h 0m 28s)

---------------  T H R E A D  ---------------

Current thread (0x000001a6c11bc4d0):  JavaThread "C2 CompilerThread0" daemon [_thread_in_native, id=25576, stack(0x0000005409300000,0x0000005409400000) (1024K)]


Current CompileTask:
C2:28355 6249       4       sun.security.ec.ECOperations::setDouble (463 bytes)

Stack: [0x0000005409300000,0x0000005409400000]
Native frames: (J=compiled Java code, j=interpreted, Vv=VM code, C=native code)
V  [jvm.dll+0x6d7a39]
V  [jvm.dll+0x8b4b26]
V  [jvm.dll+0x8b70de]
V  [jvm.dll+0x8b77c3]
V  [jvm.dll+0x284346]
V  [jvm.dll+0xc66ed]
V  [jvm.dll+0xc6c31]
V  [jvm.dll+0x3bec3b]
V  [jvm.dll+0x1e3f69]
V  [jvm.dll+0x24c6b3]
V  [jvm.dll+0x24bb40]
V  [jvm.dll+0x1cb34e]
V  [jvm.dll+0x25b85d]
V  [jvm.dll+0x259dea]
V  [jvm.dll+0x3f857e]
V  [jvm.dll+0x85f59d]
V  [jvm.dll+0x6d626d]
C  [ucrtbase.dll+0x37b0]
C  [KERNEL32.DLL+0x2e957]
C  [ntdll.dll+0x427c]


---------------  P R O C E S S  ---------------

Threads class SMR info:
_java_thread_list=0x000001a7214ec200, length=40, elements={
0x000001a6c123bb80, 0x000001a6c11afad0, 0x000001a6c11b1dc0, 0x000001a6c11b4570,
0x000001a6c11b9270, 0x000001a6c11b9cd0, 0x000001a6c11ba730, 0x000001a6c11bc4d0,
0x000001a71a57b750, 0x000001a71a6db490, 0x000001a71a8484c0, 0x000001a71f8590b0,
0x000001a71a881230, 0x000001a71f7326a0, 0x000001a71f8b11b0, 0x000001a71fbe02c0,
0x000001a71fecd0a0, 0x000001a71ffd0400, 0x000001a71fecc490, 0x000001a71fecb770,
0x000001a71fecb0e0, 0x000001a720ab6560, 0x000001a720ab51b0, 0x000001a720ab8cc0,
0x000001a720ab5840, 0x000001a720ab6bf0, 0x000001a720ab8630, 0x000001a720ab9350,
0x000001a720ab7910, 0x000001a720ab7fa0, 0x000001a720ab5ed0, 0x000001a720ab99e0,
0x000001a720ab7280, 0x000001a720aba070, 0x000001a720aba700, 0x000001a720abad90,
0x000001a720abbab0, 0x000001a720abc140, 0x000001a721c500b0, 0x000001a721c52180
}

Java Threads: ( => current thread )
  0x000001a6c123bb80 JavaThread "main"                              [_thread_blocked, id=18220, stack(0x0000005408900000,0x0000005408a00000) (1024K)]
  0x000001a6c11afad0 JavaThread "Reference Handler"          daemon [_thread_blocked, id=28716, stack(0x0000005408d00000,0x0000005408e00000) (1024K)]
  0x000001a6c11b1dc0 JavaThread "Finalizer"                  daemon [_thread_blocked, id=10552, stack(0x0000005408e00000,0x0000005408f00000) (1024K)]
  0x000001a6c11b4570 JavaThread "Signal Dispatcher"          daemon [_thread_blocked, id=5096, stack(0x0000005408f00000,0x0000005409000000) (1024K)]
  0x000001a6c11b9270 JavaThread "Attach Listener"            daemon [_thread_blocked, id=12756, stack(0x0000005409000000,0x0000005409100000) (1024K)]
  0x000001a6c11b9cd0 JavaThread "Service Thread"             daemon [_thread_blocked, id=23060, stack(0x0000005409100000,0x0000005409200000) (1024K)]
  0x000001a6c11ba730 JavaThread "Monitor Deflation Thread"   daemon [_thread_blocked, id=23908, stack(0x0000005409200000,0x0000005409300000) (1024K)]
=>0x000001a6c11bc4d0 JavaThread "C2 CompilerThread0"         daemon [_thread_in_native, id=25576, stack(0x0000005409300000,0x0000005409400000) (1024K)]
  0x000001a71a57b750 JavaThread "C1 CompilerThread0"         daemon [_thread_blocked, id=27116, stack(0x0000005409400000,0x0000005409500000) (1024K)]
  0x000001a71a6db490 JavaThread "Common-Cleaner"             daemon [_thread_blocked, id=11084, stack(0x0000005409500000,0x0000005409600000) (1024K)]
  0x000001a71a8484c0 JavaThread "Notification Thread"        daemon [_thread_blocked, id=23432, stack(0x0000005409600000,0x0000005409700000) (1024K)]
  0x000001a71f8590b0 JavaThread "Active Thread: Equinox Container: ae520686-186b-40f9-93ac-20187ed1e1d4"        [_thread_blocked, id=456, stack(0x0000005409e00000,0x0000005409f00000) (1024K)]
  0x000001a71a881230 JavaThread "Refresh Thread: Equinox Container: ae520686-186b-40f9-93ac-20187ed1e1d4" daemon [_thread_blocked, id=15340, stack(0x000000540a000000,0x000000540a100000) (1024K)]
  0x000001a71f7326a0 JavaThread "Framework Event Dispatcher: Equinox Container: ae520686-186b-40f9-93ac-20187ed1e1d4" daemon [_thread_blocked, id=2872, stack(0x000000540a100000,0x000000540a200000) (1024K)]
  0x000001a71f8b11b0 JavaThread "Start Level: Equinox Container: ae520686-186b-40f9-93ac-20187ed1e1d4" daemon [_thread_blocked, id=8916, stack(0x000000540a200000,0x000000540a300000) (1024K)]
  0x000001a71fbe02c0 JavaThread "Bundle File Closer"         daemon [_thread_blocked, id=15664, stack(0x000000540a300000,0x000000540a400000) (1024K)]
  0x000001a71fecd0a0 JavaThread "SCR Component Actor"        daemon [_thread_blocked, id=12588, stack(0x0000005409700000,0x0000005409800000) (1024K)]
  0x000001a71ffd0400 JavaThread "Worker-JM"                         [_thread_blocked, id=30056, stack(0x000000540a400000,0x000000540a500000) (1024K)]
  0x000001a71fecc490 JavaThread "Worker-0"                          [_thread_blocked, id=24108, stack(0x000000540a500000,0x000000540a600000) (1024K)]
  0x000001a71fecb770 JavaThread "Worker-1: Initialize Workspace"        [_thread_blocked, id=21100, stack(0x000000540a600000,0x000000540a700000) (1024K)]
  0x000001a71fecb0e0 JavaThread "Java indexing"              daemon [_thread_blocked, id=15328, stack(0x000000540a800000,0x000000540a900000) (1024K)]
  0x000001a720ab6560 JavaThread "Worker-2: Loading available Gradle versions"        [_thread_in_native, id=12616, stack(0x000000540a900000,0x000000540aa00000) (1024K)]
  0x000001a720ab51b0 JavaThread "Worker-3"                          [_thread_blocked, id=8660, stack(0x000000540aa00000,0x000000540ab00000) (1024K)]
  0x000001a720ab8cc0 JavaThread "JNA Cleaner"                daemon [_thread_blocked, id=19936, stack(0x000000540ab00000,0x000000540ac00000) (1024K)]
  0x000001a720ab5840 JavaThread "Worker-4"                          [_thread_blocked, id=18052, stack(0x000000540ae00000,0x000000540af00000) (1024K)]
  0x000001a720ab6bf0 JavaThread "Worker-5"                          [_thread_blocked, id=22752, stack(0x000000540af00000,0x000000540b000000) (1024K)]
  0x000001a720ab8630 JavaThread "Thread-1"                   daemon [_thread_in_native, id=13908, stack(0x000000540b000000,0x000000540b100000) (1024K)]
  0x000001a720ab9350 JavaThread "Thread-2"                   daemon [_thread_in_native, id=30976, stack(0x000000540b100000,0x000000540b200000) (1024K)]
  0x000001a720ab7910 JavaThread "Thread-3"                   daemon [_thread_in_native, id=10752, stack(0x000000540b200000,0x000000540b300000) (1024K)]
  0x000001a720ab7fa0 JavaThread "Thread-4"                   daemon [_thread_in_native, id=26464, stack(0x000000540b300000,0x000000540b400000) (1024K)]
  0x000001a720ab5ed0 JavaThread "Thread-5"                   daemon [_thread_in_native, id=30456, stack(0x000000540b400000,0x000000540b500000) (1024K)]
  0x000001a720ab99e0 JavaThread "Thread-6"                   daemon [_thread_in_native, id=27016, stack(0x000000540b500000,0x000000540b600000) (1024K)]
  0x000001a720ab7280 JavaThread "Thread-7"                   daemon [_thread_in_native, id=3524, stack(0x000000540b600000,0x000000540b700000) (1024K)]
  0x000001a720aba070 JavaThread "Thread-8"                   daemon [_thread_in_native, id=4084, stack(0x000000540b700000,0x000000540b800000) (1024K)]
  0x000001a720aba700 JavaThread "Thread-9"                   daemon [_thread_in_native, id=14060, stack(0x000000540b800000,0x000000540b900000) (1024K)]
  0x000001a720abad90 JavaThread "pool-2-thread-1"                   [_thread_blocked, id=15984, stack(0x000000540b900000,0x000000540ba00000) (1024K)]
  0x000001a720abbab0 JavaThread "WorkspaceEventsHandler"            [_thread_blocked, id=10904, stack(0x000000540ba00000,0x000000540bb00000) (1024K)]
  0x000001a720abc140 JavaThread "pool-1-thread-1"                   [_thread_blocked, id=27136, stack(0x000000540bb00000,0x000000540bc00000) (1024K)]
  0x000001a721c500b0 JavaThread "ProjectImportProgressReporter" daemon [_thread_blocked, id=7864, stack(0x000000540bc00000,0x000000540bd00000) (1024K)]
  0x000001a721c52180 JavaThread "pool-3-thread-1"                   [_thread_blocked, id=22336, stack(0x000000540bd00000,0x000000540be00000) (1024K)]
Total: 40

Other Threads:
  0x000001a6c12fe740 VMThread "VM Thread"                           [id=20036, stack(0x0000005408c00000,0x0000005408d00000) (1024K)]
  0x000001a6c10cca00 WatcherThread "VM Periodic Task Thread"        [id=3668, stack(0x0000005408b00000,0x0000005408c00000) (1024K)]
  0x000001a6c125a3f0 WorkerThread "GC Thread#0"                     [id=31380, stack(0x0000005408a00000,0x0000005408b00000) (1024K)]
  0x000001a71f1d8fa0 WorkerThread "GC Thread#1"                     [id=9192, stack(0x0000005409800000,0x0000005409900000) (1024K)]
  0x000001a71f1d8bf0 WorkerThread "GC Thread#2"                     [id=26152, stack(0x0000005409900000,0x0000005409a00000) (1024K)]
  0x000001a71f1d8490 WorkerThread "GC Thread#3"                     [id=16136, stack(0x0000005409a00000,0x0000005409b00000) (1024K)]
  0x000001a71f1d8840 WorkerThread "GC Thread#4"                     [id=14420, stack(0x0000005409b00000,0x0000005409c00000) (1024K)]
  0x000001a71f1d7980 WorkerThread "GC Thread#5"                     [id=9296, stack(0x0000005409c00000,0x0000005409d00000) (1024K)]
  0x000001a71f1d9350 WorkerThread "GC Thread#6"                     [id=17940, stack(0x0000005409d00000,0x0000005409e00000) (1024K)]
  0x000001a71f1d7d30 WorkerThread "GC Thread#7"                     [id=31924, stack(0x0000005409f00000,0x000000540a000000) (1024K)]
Total: 10

Threads with active compile tasks:
C2 CompilerThread0  28441 6249       4       sun.security.ec.ECOperations::setDouble (463 bytes)
Total: 1

VM state: not at safepoint (normal execution)

VM Mutex/Monitor currently owned by a thread: None

Heap address: 0x0000000080000000, size: 2048 MB, Compressed Oops mode: 32-bit

CDS archive(s) mapped at: [0x000001a6d8000000-0x000001a6d8ba0000-0x000001a6d8ba0000), size 12189696, SharedBaseAddress: 0x000001a6d8000000, ArchiveRelocationMode: 1.
Compressed class space mapped at: 0x000001a6d9000000-0x000001a719000000, reserved size: 1073741824
Narrow klass base: 0x000001a6d8000000, Narrow klass shift: 0, Narrow klass range: 0x100000000

GC Precious Log:
 CardTable entry size: 512
 CPUs: 8 total, 8 available
 Memory: 5965M
 Large Page Support: Disabled
 NUMA Support: Disabled
 Compressed Oops: Enabled (32-bit)
 Alignments: Space 512K, Generation 512K, Heap 2M
 Heap Min Capacity: 100M
 Heap Initial Capacity: 100M
 Heap Max Capacity: 2G
 Pre-touch: Disabled
 Parallel Workers: 8

Heap:
 PSYoungGen      total 23040K, used 10054K [0x00000000d5580000, 0x00000000d7080000, 0x0000000100000000)
  eden space 22016K, 41% used [0x00000000d5580000,0x00000000d5e51b30,0x00000000d6b00000)
  from space 1024K, 99% used [0x00000000d6e80000,0x00000000d6f7ff58,0x00000000d6f80000)
  to   space 1024K, 0% used [0x00000000d6f80000,0x00000000d6f80000,0x00000000d7080000)
 ParOldGen       total 68608K, used 24484K [0x0000000080000000, 0x0000000084300000, 0x00000000d5580000)
  object space 68608K, 35% used [0x0000000080000000,0x00000000817e93c8,0x0000000084300000)
 Metaspace       used 48749K, committed 49856K, reserved 1114112K
  class space    used 5391K, committed 5888K, reserved 1048576K

Card table byte_map: [0x000001a6c0be0000,0x000001a6c0ff0000] _byte_map_base: 0x000001a6c07e0000

Marking Bits: (ParMarkBitMap*) 0x00007ffd258e3450
 Begin Bits: [0x000001a6d36f0000, 0x000001a6d56f0000)
 End Bits:   [0x000001a6d56f0000, 0x000001a6d76f0000)

Polling page: 0x000001a6bf010000

Metaspace:

Usage:
  Non-class:     42.34 MB used.
      Class:      5.27 MB used.
       Both:     47.61 MB used.

Virtual space:
  Non-class space:       64.00 MB reserved,      42.94 MB ( 67%) committed,  1 nodes.
      Class space:        1.00 GB reserved,       5.75 MB ( <1%) committed,  1 nodes.
             Both:        1.06 GB reserved,      48.69 MB (  4%) committed. 

Chunk freelists:
   Non-Class:  4.19 MB
       Class:  10.10 MB
        Both:  14.28 MB

MaxMetaspaceSize: unlimited
CompressedClassSpaceSize: 1.00 GB
Initial GC threshold: 21.00 MB
Current GC threshold: 58.38 MB
CDS: on
 - commit_granule_bytes: 65536.
 - commit_granule_words: 8192.
 - virtual_space_node_default_size: 8388608.
 - enlarge_chunks_in_place: 1.
 - use_allocation_guard: 0.


Internal statistics:

num_allocs_failed_limit: 6.
num_arena_births: 808.
num_arena_deaths: 40.
num_vsnodes_births: 2.
num_vsnodes_deaths: 0.
num_space_committed: 779.
num_space_uncommitted: 0.
num_chunks_returned_to_freelist: 55.
num_chunks_taken_from_freelist: 2838.
num_chunk_merges: 6.
num_chunk_splits: 1754.
num_chunks_enlarged: 1038.
num_inconsistent_stats: 0.

CodeHeap 'non-profiled nmethods': size=120000Kb used=2746Kb max_used=2746Kb free=117253Kb
 bounds [0x000001a6cbf10000, 0x000001a6cc1c0000, 0x000001a6d3440000]
CodeHeap 'profiled nmethods': size=120000Kb used=11656Kb max_used=11656Kb free=108344Kb
 bounds [0x000001a6c4440000, 0x000001a6c4fb0000, 0x000001a6cb970000]
CodeHeap 'non-nmethods': size=5760Kb used=1389Kb max_used=1440Kb free=4370Kb
 bounds [0x000001a6cb970000, 0x000001a6cbbe0000, 0x000001a6cbf10000]
CodeCache: size=245760Kb, used=15791Kb, max_used=15842Kb, free=229967Kb
 total_blobs=6390, nmethods=5698, adapters=597, full_count=0
Compilation: enabled, stopped_count=0, restarted_count=0

Compilation events (20 events):
Event: 26.668 Thread 0x000001a6c11bc4d0 nmethod 6233 0x000001a6cc1baa10 code [0x000001a6cc1babe0, 0x000001a6cc1bb020]
Event: 26.668 Thread 0x000001a6c11bc4d0 6237       4       sun.security.util.math.intpoly.IntegerPolynomial$MutableElement::setSquare (52 bytes)
Event: 26.670 Thread 0x000001a6c11bc4d0 nmethod 6237 0x000001a6cc1bb290 code [0x000001a6cc1bb440, 0x000001a6cc1bb588]
Event: 26.670 Thread 0x000001a6c11bc4d0 6238       4       sun.security.util.math.intpoly.IntegerPolynomial$MutableElement::setSquare (5 bytes)
Event: 26.672 Thread 0x000001a6c11bc4d0 nmethod 6238 0x000001a6cc1bb690 code [0x000001a6cc1bb840, 0x000001a6cc1bb988]
Event: 26.672 Thread 0x000001a6c11bc4d0 6241       4       sun.security.util.math.intpoly.IntegerPolynomialP256::square (613 bytes)
Event: 26.685 Thread 0x000001a6c11bc4d0 nmethod 6241 0x000001a6cc1bbb10 code [0x000001a6cc1bbcc0, 0x000001a6cc1bc218]
Event: 26.685 Thread 0x000001a6c11bc4d0 6243       4       sun.security.ec.point.ProjectivePoint$Mutable::conditionalSet (53 bytes)
Event: 26.712 Thread 0x000001a6c11bc4d0 nmethod 6243 0x000001a6cc1bc390 code [0x000001a6cc1bc580, 0x000001a6cc1bcdd0]
Event: 26.712 Thread 0x000001a6c11bc4d0 6250       4       sun.security.ec.ECOperations$PointMultiplier::lookup (84 bytes)
Event: 26.716 Thread 0x000001a71a57b750 6252       3       sun.security.ec.ECOperations$PointMultiplier$Secp256R1GeneratorMultiplier::bit (13 bytes)
Event: 26.716 Thread 0x000001a71a57b750 nmethod 6252 0x000001a6c4fa1990 code [0x000001a6c4fa1b20, 0x000001a6c4fa1c48]
Event: 26.748 Thread 0x000001a6c11bc4d0 nmethod 6250 0x000001a6cc1bd210 code [0x000001a6cc1bd400, 0x000001a6cc1bddf0]
Event: 26.748 Thread 0x000001a6c11bc4d0 6251       4       sun.security.util.math.intpoly.IntegerPolynomial$MutableElement::setAdditiveInverse (32 bytes)
Event: 26.756 Thread 0x000001a6c11bc4d0 nmethod 6251 0x000001a6cc1be390 code [0x000001a6cc1be520, 0x000001a6cc1be6c0]
Event: 26.756 Thread 0x000001a6c11bc4d0 6230       4       sun.security.util.math.intpoly.IntegerPolynomialP256::reduce (40 bytes)
Event: 26.757 Thread 0x000001a6c11bc4d0 nmethod 6230 0x000001a6cc1be790 code [0x000001a6cc1be920, 0x000001a6cc1bea58]
Event: 26.757 Thread 0x000001a6c11bc4d0 6249       4       sun.security.ec.ECOperations::setDouble (463 bytes)
Event: 27.463 Thread 0x000001a71a57b750 6253       3       java.util.concurrent.ThreadPoolExecutor::workerCountOf (5 bytes)
Event: 27.463 Thread 0x000001a71a57b750 nmethod 6253 0x000001a6c4fa1d10 code [0x000001a6c4fa1ea0, 0x000001a6c4fa1f98]

GC Heap History (20 events):
Event: 10.659 GC heap before
{Heap before GC invocations=12 (full 1):
 PSYoungGen      total 25088K, used 25027K [0x00000000d5580000, 0x00000000d7500000, 0x0000000100000000)
  eden space 23040K, 99% used [0x00000000d5580000,0x00000000d6bfc0b0,0x00000000d6c00000)
  from space 2048K, 97% used [0x00000000d7300000,0x00000000d74f4e90,0x00000000d7500000)
  to   space 2560K, 0% used [0x00000000d7000000,0x00000000d7000000,0x00000000d7280000)
 ParOldGen       total 68608K, used 14278K [0x0000000080000000, 0x0000000084300000, 0x00000000d5580000)
  object space 68608K, 20% used [0x0000000080000000,0x0000000080df19c8,0x0000000084300000)
 Metaspace       used 29558K, committed 30528K, reserved 1114112K
  class space    used 2964K, committed 3392K, reserved 1048576K
}
Event: 10.662 GC heap after
{Heap after GC invocations=12 (full 1):
 PSYoungGen      total 24064K, used 1069K [0x00000000d5580000, 0x00000000d7380000, 0x0000000100000000)
  eden space 22528K, 0% used [0x00000000d5580000,0x00000000d5580000,0x00000000d6b80000)
  from space 1536K, 69% used [0x00000000d7000000,0x00000000d710b460,0x00000000d7180000)
  to   space 1536K, 0% used [0x00000000d7200000,0x00000000d7200000,0x00000000d7380000)
 ParOldGen       total 68608K, used 16137K [0x0000000080000000, 0x0000000084300000, 0x00000000d5580000)
  object space 68608K, 23% used [0x0000000080000000,0x0000000080fc26c0,0x0000000084300000)
 Metaspace       used 29558K, committed 30528K, reserved 1114112K
  class space    used 2964K, committed 3392K, reserved 1048576K
}
Event: 11.031 GC heap before
{Heap before GC invocations=13 (full 1):
 PSYoungGen      total 24064K, used 23597K [0x00000000d5580000, 0x00000000d7380000, 0x0000000100000000)
  eden space 22528K, 100% used [0x00000000d5580000,0x00000000d6b80000,0x00000000d6b80000)
  from space 1536K, 69% used [0x00000000d7000000,0x00000000d710b460,0x00000000d7180000)
  to   space 1536K, 0% used [0x00000000d7200000,0x00000000d7200000,0x00000000d7380000)
 ParOldGen       total 68608K, used 16137K [0x0000000080000000, 0x0000000084300000, 0x00000000d5580000)
  object space 68608K, 23% used [0x0000000080000000,0x0000000080fc26c0,0x0000000084300000)
 Metaspace       used 31667K, committed 32576K, reserved 1114112K
  class space    used 3262K, committed 3648K, reserved 1048576K
}
Event: 11.034 GC heap after
{Heap after GC invocations=13 (full 1):
 PSYoungGen      total 23552K, used 1087K [0x00000000d5580000, 0x00000000d7380000, 0x0000000100000000)
  eden space 22016K, 0% used [0x00000000d5580000,0x00000000d5580000,0x00000000d6b00000)
  from space 1536K, 70% used [0x00000000d7200000,0x00000000d730fc20,0x00000000d7380000)
  to   space 1536K, 0% used [0x00000000d7080000,0x00000000d7080000,0x00000000d7200000)
 ParOldGen       total 68608K, used 16980K [0x0000000080000000, 0x0000000084300000, 0x00000000d5580000)
  object space 68608K, 24% used [0x0000000080000000,0x00000000810953e8,0x0000000084300000)
 Metaspace       used 31667K, committed 32576K, reserved 1114112K
  class space    used 3262K, committed 3648K, reserved 1048576K
}
Event: 11.233 GC heap before
{Heap before GC invocations=14 (full 1):
 PSYoungGen      total 23552K, used 23103K [0x00000000d5580000, 0x00000000d7380000, 0x0000000100000000)
  eden space 22016K, 100% used [0x00000000d5580000,0x00000000d6b00000,0x00000000d6b00000)
  from space 1536K, 70% used [0x00000000d7200000,0x00000000d730fc20,0x00000000d7380000)
  to   space 1536K, 0% used [0x00000000d7080000,0x00000000d7080000,0x00000000d7200000)
 ParOldGen       total 68608K, used 16981K [0x0000000080000000, 0x0000000084300000, 0x00000000d5580000)
  object space 68608K, 24% used [0x0000000080000000,0x0000000081095420,0x0000000084300000)
 Metaspace       used 34423K, committed 35456K, reserved 1114112K
  class space    used 3584K, committed 4032K, reserved 1048576K
}
Event: 11.237 GC heap after
{Heap after GC invocations=14 (full 1):
 PSYoungGen      total 23552K, used 1524K [0x00000000d5580000, 0x00000000d7280000, 0x0000000100000000)
  eden space 22016K, 0% used [0x00000000d5580000,0x00000000d5580000,0x00000000d6b00000)
  from space 1536K, 99% used [0x00000000d7080000,0x00000000d71fd138,0x00000000d7200000)
  to   space 512K, 0% used [0x00000000d7200000,0x00000000d7200000,0x00000000d7280000)
 ParOldGen       total 68608K, used 17742K [0x0000000080000000, 0x0000000084300000, 0x00000000d5580000)
  object space 68608K, 25% used [0x0000000080000000,0x0000000081153ad8,0x0000000084300000)
 Metaspace       used 34423K, committed 35456K, reserved 1114112K
  class space    used 3584K, committed 4032K, reserved 1048576K
}
Event: 11.273 GC heap before
{Heap before GC invocations=15 (full 1):
 PSYoungGen      total 23552K, used 7319K [0x00000000d5580000, 0x00000000d7280000, 0x0000000100000000)
  eden space 22016K, 26% used [0x00000000d5580000,0x00000000d5b28e28,0x00000000d6b00000)
  from space 1536K, 99% used [0x00000000d7080000,0x00000000d71fd138,0x00000000d7200000)
  to   space 512K, 0% used [0x00000000d7200000,0x00000000d7200000,0x00000000d7280000)
 ParOldGen       total 68608K, used 17742K [0x0000000080000000, 0x0000000084300000, 0x00000000d5580000)
  object space 68608K, 25% used [0x0000000080000000,0x0000000081153ad8,0x0000000084300000)
 Metaspace       used 34813K, committed 35840K, reserved 1114112K
  class space    used 3636K, committed 4096K, reserved 1048576K
}
Event: 11.277 GC heap after
{Heap after GC invocations=15 (full 1):
 PSYoungGen      total 22528K, used 448K [0x00000000d5580000, 0x00000000d7280000, 0x0000000100000000)
  eden space 22016K, 0% used [0x00000000d5580000,0x00000000d5580000,0x00000000d6b00000)
  from space 512K, 87% used [0x00000000d7200000,0x00000000d7270000,0x00000000d7280000)
  to   space 1024K, 0% used [0x00000000d7080000,0x00000000d7080000,0x00000000d7180000)
 ParOldGen       total 68608K, used 21927K [0x0000000080000000, 0x0000000084300000, 0x00000000d5580000)
  object space 68608K, 31% used [0x0000000080000000,0x0000000081569de0,0x0000000084300000)
 Metaspace       used 34813K, committed 35840K, reserved 1114112K
  class space    used 3636K, committed 4096K, reserved 1048576K
}
Event: 11.277 GC heap before
{Heap before GC invocations=16 (full 2):
 PSYoungGen      total 22528K, used 448K [0x00000000d5580000, 0x00000000d7280000, 0x0000000100000000)
  eden space 22016K, 0% used [0x00000000d5580000,0x00000000d5580000,0x00000000d6b00000)
  from space 512K, 87% used [0x00000000d7200000,0x00000000d7270000,0x00000000d7280000)
  to   space 1024K, 0% used [0x00000000d7080000,0x00000000d7080000,0x00000000d7180000)
 ParOldGen       total 68608K, used 21927K [0x0000000080000000, 0x0000000084300000, 0x00000000d5580000)
  object space 68608K, 31% used [0x0000000080000000,0x0000000081569de0,0x0000000084300000)
 Metaspace       used 34813K, committed 35840K, reserved 1114112K
  class space    used 3636K, committed 4096K, reserved 1048576K
}
Event: 11.319 GC heap after
{Heap after GC invocations=16 (full 2):
 PSYoungGen      total 22528K, used 0K [0x00000000d5580000, 0x00000000d7280000, 0x0000000100000000)
  eden space 22016K, 0% used [0x00000000d5580000,0x00000000d5580000,0x00000000d6b00000)
  from space 512K, 0% used [0x00000000d7200000,0x00000000d7200000,0x00000000d7280000)
  to   space 1024K, 0% used [0x00000000d7080000,0x00000000d7080000,0x00000000d7180000)
 ParOldGen       total 68608K, used 19572K [0x0000000080000000, 0x0000000084300000, 0x00000000d5580000)
  object space 68608K, 28% used [0x0000000080000000,0x000000008131d288,0x0000000084300000)
 Metaspace       used 34790K, committed 35840K, reserved 1114112K
  class space    used 3630K, committed 4096K, reserved 1048576K
}
Event: 11.489 GC heap before
{Heap before GC invocations=17 (full 2):
 PSYoungGen      total 22528K, used 22016K [0x00000000d5580000, 0x00000000d7280000, 0x0000000100000000)
  eden space 22016K, 100% used [0x00000000d5580000,0x00000000d6b00000,0x00000000d6b00000)
  from space 512K, 0% used [0x00000000d7200000,0x00000000d7200000,0x00000000d7280000)
  to   space 1024K, 0% used [0x00000000d7080000,0x00000000d7080000,0x00000000d7180000)
 ParOldGen       total 68608K, used 19611K [0x0000000080000000, 0x0000000084300000, 0x00000000d5580000)
  object space 68608K, 28% used [0x0000000080000000,0x0000000081326cd8,0x0000000084300000)
 Metaspace       used 37044K, committed 38016K, reserved 1114112K
  class space    used 3913K, committed 4352K, reserved 1048576K
}
Event: 11.492 GC heap after
{Heap after GC invocations=17 (full 2):
 PSYoungGen      total 23040K, used 1024K [0x00000000d5580000, 0x00000000d7280000, 0x0000000100000000)
  eden space 22016K, 0% used [0x00000000d5580000,0x00000000d5580000,0x00000000d6b00000)
  from space 1024K, 100% used [0x00000000d7080000,0x00000000d7180000,0x00000000d7180000)
  to   space 1024K, 0% used [0x00000000d7180000,0x00000000d7180000,0x00000000d7280000)
 ParOldGen       total 68608K, used 20015K [0x0000000080000000, 0x0000000084300000, 0x00000000d5580000)
  object space 68608K, 29% used [0x0000000080000000,0x000000008138bce8,0x0000000084300000)
 Metaspace       used 37044K, committed 38016K, reserved 1114112K
  class space    used 3913K, committed 4352K, reserved 1048576K
}
Event: 11.727 GC heap before
{Heap before GC invocations=18 (full 2):
 PSYoungGen      total 23040K, used 23040K [0x00000000d5580000, 0x00000000d7280000, 0x0000000100000000)
  eden space 22016K, 100% used [0x00000000d5580000,0x00000000d6b00000,0x00000000d6b00000)
  from space 1024K, 100% used [0x00000000d7080000,0x00000000d7180000,0x00000000d7180000)
  to   space 1024K, 0% used [0x00000000d7180000,0x00000000d7180000,0x00000000d7280000)
 ParOldGen       total 68608K, used 20015K [0x0000000080000000, 0x0000000084300000, 0x00000000d5580000)
  object space 68608K, 29% used [0x0000000080000000,0x000000008138bce8,0x0000000084300000)
 Metaspace       used 40004K, committed 40960K, reserved 1114112K
  class space    used 4291K, committed 4736K, reserved 1048576K
}
Event: 11.730 GC heap after
{Heap after GC invocations=18 (full 2):
 PSYoungGen      total 23040K, used 1024K [0x00000000d5580000, 0x00000000d7280000, 0x0000000100000000)
  eden space 22016K, 0% used [0x00000000d5580000,0x00000000d5580000,0x00000000d6b00000)
  from space 1024K, 100% used [0x00000000d7180000,0x00000000d7280000,0x00000000d7280000)
  to   space 2560K, 0% used [0x00000000d6d80000,0x00000000d6d80000,0x00000000d7000000)
 ParOldGen       total 68608K, used 21071K [0x0000000080000000, 0x0000000084300000, 0x00000000d5580000)
  object space 68608K, 30% used [0x0000000080000000,0x0000000081493ce8,0x0000000084300000)
 Metaspace       used 40004K, committed 40960K, reserved 1114112K
  class space    used 4291K, committed 4736K, reserved 1048576K
}
Event: 12.231 GC heap before
{Heap before GC invocations=19 (full 2):
 PSYoungGen      total 23040K, used 23040K [0x00000000d5580000, 0x00000000d7280000, 0x0000000100000000)
  eden space 22016K, 100% used [0x00000000d5580000,0x00000000d6b00000,0x00000000d6b00000)
  from space 1024K, 100% used [0x00000000d7180000,0x00000000d7280000,0x00000000d7280000)
  to   space 2560K, 0% used [0x00000000d6d80000,0x00000000d6d80000,0x00000000d7000000)
 ParOldGen       total 68608K, used 21071K [0x0000000080000000, 0x0000000084300000, 0x00000000d5580000)
  object space 68608K, 30% used [0x0000000080000000,0x0000000081493ce8,0x0000000084300000)
 Metaspace       used 42485K, committed 43456K, reserved 1114112K
  class space    used 4600K, committed 5056K, reserved 1048576K
}
Event: 12.234 GC heap after
{Heap after GC invocations=19 (full 2):
 PSYoungGen      total 24576K, used 1440K [0x00000000d5580000, 0x00000000d7200000, 0x0000000100000000)
  eden space 22016K, 0% used [0x00000000d5580000,0x00000000d5580000,0x00000000d6b00000)
  from space 2560K, 56% used [0x00000000d6d80000,0x00000000d6ee8000,0x00000000d7000000)
  to   space 2048K, 0% used [0x00000000d7000000,0x00000000d7000000,0x00000000d7200000)
 ParOldGen       total 68608K, used 21911K [0x0000000080000000, 0x0000000084300000, 0x00000000d5580000)
  object space 68608K, 31% used [0x0000000080000000,0x0000000081565cf8,0x0000000084300000)
 Metaspace       used 42485K, committed 43456K, reserved 1114112K
  class space    used 4600K, committed 5056K, reserved 1048576K
}
Event: 13.002 GC heap before
{Heap before GC invocations=20 (full 2):
 PSYoungGen      total 24576K, used 23456K [0x00000000d5580000, 0x00000000d7200000, 0x0000000100000000)
  eden space 22016K, 100% used [0x00000000d5580000,0x00000000d6b00000,0x00000000d6b00000)
  from space 2560K, 56% used [0x00000000d6d80000,0x00000000d6ee8000,0x00000000d7000000)
  to   space 2048K, 0% used [0x00000000d7000000,0x00000000d7000000,0x00000000d7200000)
 ParOldGen       total 68608K, used 21911K [0x0000000080000000, 0x0000000084300000, 0x00000000d5580000)
  object space 68608K, 31% used [0x0000000080000000,0x0000000081565cf8,0x0000000084300000)
 Metaspace       used 44883K, committed 45888K, reserved 1114112K
  class space    used 4921K, committed 5376K, reserved 1048576K
}
Event: 13.007 GC heap after
{Heap after GC invocations=20 (full 2):
 PSYoungGen      total 23552K, used 1472K [0x00000000d5580000, 0x00000000d7180000, 0x0000000100000000)
  eden space 22016K, 0% used [0x00000000d5580000,0x00000000d5580000,0x00000000d6b00000)
  from space 1536K, 95% used [0x00000000d7000000,0x00000000d7170000,0x00000000d7180000)
  to   space 1536K, 0% used [0x00000000d6e80000,0x00000000d6e80000,0x00000000d7000000)
 ParOldGen       total 68608K, used 23163K [0x0000000080000000, 0x0000000084300000, 0x00000000d5580000)
  object space 68608K, 33% used [0x0000000080000000,0x000000008169ed08,0x0000000084300000)
 Metaspace       used 44883K, committed 45888K, reserved 1114112K
  class space    used 4921K, committed 5376K, reserved 1048576K
}
Event: 15.831 GC heap before
{Heap before GC invocations=21 (full 2):
 PSYoungGen      total 23552K, used 23473K [0x00000000d5580000, 0x00000000d7180000, 0x0000000100000000)
  eden space 22016K, 99% used [0x00000000d5580000,0x00000000d6afc620,0x00000000d6b00000)
  from space 1536K, 95% used [0x00000000d7000000,0x00000000d7170000,0x00000000d7180000)
  to   space 1536K, 0% used [0x00000000d6e80000,0x00000000d6e80000,0x00000000d7000000)
 ParOldGen       total 68608K, used 23163K [0x0000000080000000, 0x0000000084300000, 0x00000000d5580000)
  object space 68608K, 33% used [0x0000000080000000,0x000000008169ed08,0x0000000084300000)
 Metaspace       used 47546K, committed 48640K, reserved 1114112K
  class space    used 5218K, committed 5696K, reserved 1048576K
}
Event: 15.837 GC heap after
{Heap after GC invocations=21 (full 2):
 PSYoungGen      total 23040K, used 1023K [0x00000000d5580000, 0x00000000d7080000, 0x0000000100000000)
  eden space 22016K, 0% used [0x00000000d5580000,0x00000000d5580000,0x00000000d6b00000)
  from space 1024K, 99% used [0x00000000d6e80000,0x00000000d6f7ff58,0x00000000d6f80000)
  to   space 1024K, 0% used [0x00000000d6f80000,0x00000000d6f80000,0x00000000d7080000)
 ParOldGen       total 68608K, used 24484K [0x0000000080000000, 0x0000000084300000, 0x00000000d5580000)
  object space 68608K, 35% used [0x0000000080000000,0x00000000817e93c8,0x0000000084300000)
 Metaspace       used 47546K, committed 48640K, reserved 1114112K
  class space    used 5218K, committed 5696K, reserved 1048576K
}

Dll operation events (14 events):
Event: 0.041 Loaded shared library c:\Users\LENOVO\.vscode\extensions\redhat.java-1.54.0-win32-x64\jre\21.0.10-win32-x86_64\bin\java.dll
Event: 0.271 Loaded shared library c:\Users\LENOVO\.vscode\extensions\redhat.java-1.54.0-win32-x64\jre\21.0.10-win32-x86_64\bin\zip.dll
Event: 0.340 Loaded shared library C:\Users\LENOVO\.vscode\extensions\redhat.java-1.54.0-win32-x64\jre\21.0.10-win32-x86_64\bin\instrument.dll
Event: 0.350 Loaded shared library C:\Users\LENOVO\.vscode\extensions\redhat.java-1.54.0-win32-x64\jre\21.0.10-win32-x86_64\bin\net.dll
Event: 0.355 Loaded shared library C:\Users\LENOVO\.vscode\extensions\redhat.java-1.54.0-win32-x64\jre\21.0.10-win32-x86_64\bin\nio.dll
Event: 0.367 Loaded shared library C:\Users\LENOVO\.vscode\extensions\redhat.java-1.54.0-win32-x64\jre\21.0.10-win32-x86_64\bin\zip.dll
Event: 0.417 Loaded shared library C:\Users\LENOVO\.vscode\extensions\redhat.java-1.54.0-win32-x64\jre\21.0.10-win32-x86_64\bin\jimage.dll
Event: 0.613 Loaded shared library c:\Users\LENOVO\.vscode\extensions\redhat.java-1.54.0-win32-x64\jre\21.0.10-win32-x86_64\bin\verify.dll
Event: 3.640 Loaded shared library C:\Users\LENOVO\AppData\Roaming\Code\User\globalStorage\redhat.java\1.54.0\config_win\org.eclipse.equinox.launcher\org.eclipse.equinox.launcher.win32.win32.x86_64_1.3.0.v20260203-2149\eclipse_11919.dll
Event: 10.404 Loaded shared library C:\Users\LENOVO\.vscode\extensions\redhat.java-1.54.0-win32-x64\jre\21.0.10-win32-x86_64\bin\management.dll
Event: 10.415 Loaded shared library C:\Users\LENOVO\.vscode\extensions\redhat.java-1.54.0-win32-x64\jre\21.0.10-win32-x86_64\bin\management_ext.dll
Event: 10.873 Loaded shared library C:\Users\LENOVO\AppData\Local\Temp\jna--2053026509\jna12928887059659814914.dll
Event: 11.488 Loaded shared library C:\Users\LENOVO\.vscode\extensions\redhat.java-1.54.0-win32-x64\jre\21.0.10-win32-x86_64\bin\sunmscapi.dll
Event: 15.649 Loaded shared library C:\Users\LENOVO\.vscode\extensions\redhat.java-1.54.0-win32-x64\jre\21.0.10-win32-x86_64\bin\extnet.dll

Deoptimization events (20 events):
Event: 26.221 Thread 0x000001a720ab6560 Uncommon trap: trap_request=0xffffffde fr.pc=0x000001a6cc046420 relative=0x00000000000005a0
Event: 26.221 Thread 0x000001a720ab6560 Uncommon trap: reason=class_check action=maybe_recompile pc=0x000001a6cc046420 method=java.lang.AbstractStringBuilder.<init>(Ljava/lang/String;)V @ 58 c2
Event: 26.221 Thread 0x000001a720ab6560 DEOPT PACKING pc=0x000001a6cc046420 sp=0x000000540a9fe850
Event: 26.221 Thread 0x000001a720ab6560 DEOPT UNPACKING pc=0x000001a6cb9c3aa2 sp=0x000000540a9fe830 mode 2
Event: 26.221 Thread 0x000001a720ab6560 Uncommon trap: trap_request=0xffffffde fr.pc=0x000001a6cc046420 relative=0x00000000000005a0
Event: 26.222 Thread 0x000001a720ab6560 Uncommon trap: reason=class_check action=maybe_recompile pc=0x000001a6cc046420 method=java.lang.AbstractStringBuilder.<init>(Ljava/lang/String;)V @ 58 c2
Event: 26.223 Thread 0x000001a720ab6560 DEOPT PACKING pc=0x000001a6cc046420 sp=0x000000540a9fe850
Event: 26.223 Thread 0x000001a720ab6560 DEOPT UNPACKING pc=0x000001a6cb9c3aa2 sp=0x000000540a9fe830 mode 2
Event: 26.230 Thread 0x000001a720ab6560 Uncommon trap: trap_request=0xffffffde fr.pc=0x000001a6cc046420 relative=0x00000000000005a0
Event: 26.230 Thread 0x000001a720ab6560 Uncommon trap: reason=class_check action=maybe_recompile pc=0x000001a6cc046420 method=java.lang.AbstractStringBuilder.<init>(Ljava/lang/String;)V @ 58 c2
Event: 26.230 Thread 0x000001a720ab6560 DEOPT PACKING pc=0x000001a6cc046420 sp=0x000000540a9fece0
Event: 26.230 Thread 0x000001a720ab6560 DEOPT UNPACKING pc=0x000001a6cb9c3aa2 sp=0x000000540a9fecc0 mode 2
Event: 26.290 Thread 0x000001a720ab6560 Uncommon trap: trap_request=0xffffff3d fr.pc=0x000001a6cbfd7208 relative=0x0000000000000068
Event: 26.291 Thread 0x000001a720ab6560 Uncommon trap: reason=unstable_fused_if action=reinterpret pc=0x000001a6cbfd7208 method=java.lang.CharacterDataLatin1.equalsIgnoreCase(BB)Z @ 16 c2
Event: 26.291 Thread 0x000001a720ab6560 DEOPT PACKING pc=0x000001a6cbfd7208 sp=0x000000540a9feaf0
Event: 26.291 Thread 0x000001a720ab6560 DEOPT UNPACKING pc=0x000001a6cb9c3aa2 sp=0x000000540a9fea70 mode 2
Event: 26.389 Thread 0x000001a720ab6560 Uncommon trap: trap_request=0xffffffdc fr.pc=0x000001a6cc1a80f0 relative=0x00000000000002b0
Event: 26.389 Thread 0x000001a720ab6560 Uncommon trap: reason=class_check action=make_not_entrant pc=0x000001a6cc1a80f0 method=java.util.ArrayList.toArray([Ljava/lang/Object;)[Ljava/lang/Object; @ 21 c2
Event: 26.389 Thread 0x000001a720ab6560 DEOPT PACKING pc=0x000001a6cc1a80f0 sp=0x000000540a9fed10
Event: 26.389 Thread 0x000001a720ab6560 DEOPT UNPACKING pc=0x000001a6cb9c3aa2 sp=0x000000540a9fece0 mode 2

Classes loaded (20 events):
Event: 26.495 Loading class sun/security/util/math/intpoly/IntegerPolynomialP384
Event: 26.496 Loading class sun/security/util/math/intpoly/IntegerPolynomialP384 done
Event: 26.496 Loading class sun/security/util/math/intpoly/IntegerPolynomialP521
Event: 26.497 Loading class sun/security/util/math/intpoly/IntegerPolynomialP521 done
Event: 26.497 Loading class sun/security/util/math/intpoly/P384OrderField
Event: 26.498 Loading class sun/security/util/math/intpoly/P384OrderField done
Event: 26.498 Loading class sun/security/util/math/intpoly/P521OrderField
Event: 26.499 Loading class sun/security/util/math/intpoly/P521OrderField done
Event: 26.501 Loading class java/security/interfaces/ECPrivateKey
Event: 26.501 Loading class java/security/interfaces/ECPrivateKey done
Event: 26.504 Loading class sun/security/util/ArrayUtil
Event: 26.506 Loading class sun/security/util/ArrayUtil done
Event: 26.516 Loading class sun/security/util/math/IntegerModuloP$MultiplicativeInverser$Secp256R1
Event: 26.517 Loading class sun/security/util/math/IntegerModuloP$MultiplicativeInverser$Secp256R1 done
Event: 26.716 Loading class sun/security/ssl/KeyShareExtension$CHKeyShareSpec
Event: 26.717 Loading class sun/security/ssl/KeyShareExtension$CHKeyShareSpec done
Event: 26.717 Loading class sun/security/ssl/OutputRecord$T13PaddingHolder
Event: 26.717 Loading class sun/security/ssl/OutputRecord$T13PaddingHolder done
Event: 26.717 Loading class sun/security/ssl/ContentType
Event: 26.718 Loading class sun/security/ssl/ContentType done

Classes unloaded (20 events):
Event: 9.570 Thread 0x000001a6c12fe740 Unloading class 0x000001a6d91aac00 'java/lang/invoke/LambdaForm$MH+0x000001a6d91aac00'
Event: 9.570 Thread 0x000001a6c12fe740 Unloading class 0x000001a6d91aa800 'java/lang/invoke/LambdaForm$MH+0x000001a6d91aa800'
Event: 9.570 Thread 0x000001a6c12fe740 Unloading class 0x000001a6d91aa400 'java/lang/invoke/LambdaForm$MH+0x000001a6d91aa400'
Event: 9.570 Thread 0x000001a6c12fe740 Unloading class 0x000001a6d91aa000 'java/lang/invoke/LambdaForm$MH+0x000001a6d91aa000'
Event: 9.570 Thread 0x000001a6c12fe740 Unloading class 0x000001a6d91a9c00 'java/lang/invoke/LambdaForm$BMH+0x000001a6d91a9c00'
Event: 9.570 Thread 0x000001a6c12fe740 Unloading class 0x000001a6d91a9800 'java/lang/invoke/LambdaForm$DMH+0x000001a6d91a9800'
Event: 9.570 Thread 0x000001a6c12fe740 Unloading class 0x000001a6d91a8400 'java/lang/invoke/LambdaForm$DMH+0x000001a6d91a8400'
Event: 11.283 Thread 0x000001a6c12fe740 Unloading class 0x000001a6d92d8c00 'java/lang/invoke/LambdaForm$MH+0x000001a6d92d8c00'
Event: 11.283 Thread 0x000001a6c12fe740 Unloading class 0x000001a6d92d8400 'java/lang/invoke/LambdaForm$MH+0x000001a6d92d8400'
Event: 11.283 Thread 0x000001a6c12fe740 Unloading class 0x000001a6d92d7800 'java/lang/invoke/LambdaForm$MH+0x000001a6d92d7800'
Event: 11.283 Thread 0x000001a6c12fe740 Unloading class 0x000001a6d92d7000 'java/lang/invoke/LambdaForm$MH+0x000001a6d92d7000'
Event: 11.283 Thread 0x000001a6c12fe740 Unloading class 0x000001a6d92d6c00 'java/lang/invoke/LambdaForm$DMH+0x000001a6d92d6c00'
Event: 11.283 Thread 0x000001a6c12fe740 Unloading class 0x000001a6d92d6000 'java/lang/invoke/LambdaForm$MH+0x000001a6d92d6000'
Event: 11.283 Thread 0x000001a6c12fe740 Unloading class 0x000001a6d92d2800 'java/lang/invoke/LambdaForm$MH+0x000001a6d92d2800'
Event: 11.283 Thread 0x000001a6c12fe740 Unloading class 0x000001a6d92d2000 'java/lang/invoke/LambdaForm$MH+0x000001a6d92d2000'
Event: 11.283 Thread 0x000001a6c12fe740 Unloading class 0x000001a6d92d1c00 'java/lang/invoke/LambdaForm$MH+0x000001a6d92d1c00'
Event: 11.283 Thread 0x000001a6c12fe740 Unloading class 0x000001a6d92d1000 'java/lang/invoke/LambdaForm$MH+0x000001a6d92d1000'
Event: 11.283 Thread 0x000001a6c12fe740 Unloading class 0x000001a6d92d0800 'java/lang/invoke/LambdaForm$MH+0x000001a6d92d0800'
Event: 11.283 Thread 0x000001a6c12fe740 Unloading class 0x000001a6d92d0000 'java/lang/invoke/LambdaForm$MH+0x000001a6d92d0000'
Event: 11.283 Thread 0x000001a6c12fe740 Unloading class 0x000001a6d92cdc00 'java/lang/invoke/LambdaForm$MH+0x000001a6d92cdc00'

Classes redefined (0 events):
No events

Internal exceptions (20 events):
Event: 15.860 Thread 0x000001a71fecb770 Exception <a 'sun/nio/fs/WindowsException'{0x00000000d55ecf60}> (0x00000000d55ecf60) 
thrown [s\src\hotspot\share\prims\jni.cpp, line 520]
Event: 15.861 Thread 0x000001a71fecb770 Exception <a 'sun/nio/fs/WindowsException'{0x00000000d55eddc8}> (0x00000000d55eddc8) 
thrown [s\src\hotspot\share\prims\jni.cpp, line 520]
Event: 15.861 Thread 0x000001a71fecb770 Exception <a 'sun/nio/fs/WindowsException'{0x00000000d55ee630}> (0x00000000d55ee630) 
thrown [s\src\hotspot\share\prims\jni.cpp, line 520]
Event: 15.875 Thread 0x000001a71fecb770 Exception <a 'sun/nio/fs/WindowsException'{0x00000000d5604188}> (0x00000000d5604188) 
thrown [s\src\hotspot\share\prims\jni.cpp, line 520]
Event: 15.875 Thread 0x000001a71fecb770 Exception <a 'sun/nio/fs/WindowsException'{0x00000000d56049f0}> (0x00000000d56049f0) 
thrown [s\src\hotspot\share\prims\jni.cpp, line 520]
Event: 15.877 Thread 0x000001a71fecb770 Exception <a 'sun/nio/fs/WindowsException'{0x00000000d560f440}> (0x00000000d560f440) 
thrown [s\src\hotspot\share\prims\jni.cpp, line 520]
Event: 15.878 Thread 0x000001a71fecb770 Exception <a 'sun/nio/fs/WindowsException'{0x00000000d560fca8}> (0x00000000d560fca8) 
thrown [s\src\hotspot\share\prims\jni.cpp, line 520]
Event: 15.893 Thread 0x000001a71fecb770 Exception <a 'sun/nio/fs/WindowsException'{0x00000000d5676e98}> (0x00000000d5676e98) 
thrown [s\src\hotspot\share\prims\jni.cpp, line 520]
Event: 15.893 Thread 0x000001a71fecb770 Exception <a 'sun/nio/fs/WindowsException'{0x00000000d56774e8}> (0x00000000d56774e8) 
thrown [s\src\hotspot\share\prims\jni.cpp, line 520]
Event: 15.894 Thread 0x000001a71fecb770 Exception <a 'sun/nio/fs/WindowsException'{0x00000000d5677ef8}> (0x00000000d5677ef8) 
thrown [s\src\hotspot\share\prims\jni.cpp, line 520]
Event: 15.894 Thread 0x000001a71fecb770 Exception <a 'sun/nio/fs/WindowsException'{0x00000000d5678548}> (0x00000000d5678548) 
thrown [s\src\hotspot\share\prims\jni.cpp, line 520]
Event: 15.894 Thread 0x000001a71fecb770 Exception <a 'sun/nio/fs/WindowsException'{0x00000000d5678fb8}> (0x00000000d5678fb8) 
thrown [s\src\hotspot\share\prims\jni.cpp, line 520]
Event: 15.894 Thread 0x000001a71fecb770 Exception <a 'sun/nio/fs/WindowsException'{0x00000000d5679608}> (0x00000000d5679608) 
thrown [s\src\hotspot\share\prims\jni.cpp, line 520]
Event: 15.895 Thread 0x000001a71fecb770 Exception <a 'sun/nio/fs/WindowsException'{0x00000000d567b040}> (0x00000000d567b040) 
thrown [s\src\hotspot\share\prims\jni.cpp, line 520]
Event: 15.895 Thread 0x000001a71fecb770 Exception <a 'sun/nio/fs/WindowsException'{0x00000000d567b690}> (0x00000000d567b690) 
thrown [s\src\hotspot\share\prims\jni.cpp, line 520]
Event: 15.899 Thread 0x000001a71fecb770 Exception <a 'java/lang/NoSuchMethodError'{0x00000000d56906e0}: 'void java.lang.invoke.DirectMethodHandle$Holder.invokeVirtual(java.lang.Object, java.lang.Object, java.lang.Object, java.lang.Object)'> (0x00000000d56906e0) 
thrown [s\src\hotspot\share\interpreter\linkResolver.cpp, line 773]
Event: 15.913 Thread 0x000001a71fecb770 Exception <a 'sun/nio/fs/WindowsException'{0x00000000d56b7058}> (0x00000000d56b7058) 
thrown [s\src\hotspot\share\prims\jni.cpp, line 520]
Event: 15.913 Thread 0x000001a71fecb770 Exception <a 'sun/nio/fs/WindowsException'{0x00000000d56b78c0}> (0x00000000d56b78c0) 
thrown [s\src\hotspot\share\prims\jni.cpp, line 520]
Event: 15.915 Thread 0x000001a71fecb770 Exception <a 'sun/nio/fs/WindowsException'{0x00000000d56b9718}> (0x00000000d56b9718) 
thrown [s\src\hotspot\share\prims\jni.cpp, line 520]
Event: 15.915 Thread 0x000001a71fecb770 Exception <a 'sun/nio/fs/WindowsException'{0x00000000d56b9d68}> (0x00000000d56b9d68) 
thrown [s\src\hotspot\share\prims\jni.cpp, line 520]

ZGC Phase Switch (0 events):
No events

VM Operations (20 events):
Event: 13.144 Executing non-safepoint VM operation: HandshakeAllThreads (Deoptimize)
Event: 13.144 Executing non-safepoint VM operation: HandshakeAllThreads (Deoptimize) done
Event: 13.763 Executing non-safepoint VM operation: HandshakeAllThreads (Deoptimize)
Event: 13.763 Executing non-safepoint VM operation: HandshakeAllThreads (Deoptimize) done
Event: 14.775 Executing safepoint VM operation: Cleanup
Event: 14.775 Executing safepoint VM operation: Cleanup done
Event: 15.779 Executing safepoint VM operation: Cleanup
Event: 15.779 Executing safepoint VM operation: Cleanup done
Event: 15.831 Executing safepoint VM operation: ParallelGCFailedAllocation (Allocation Failure)
Event: 15.837 Executing safepoint VM operation: ParallelGCFailedAllocation (Allocation Failure) done
Event: 16.847 Executing safepoint VM operation: Cleanup
Event: 16.847 Executing safepoint VM operation: Cleanup done
Event: 18.855 Executing safepoint VM operation: Cleanup
Event: 18.855 Executing safepoint VM operation: Cleanup done
Event: 25.901 Executing safepoint VM operation: Cleanup
Event: 26.215 Executing safepoint VM operation: Cleanup done
Event: 26.296 Executing non-safepoint VM operation: HandshakeAllThreads (Deoptimize)
Event: 26.296 Executing non-safepoint VM operation: HandshakeAllThreads (Deoptimize) done
Event: 27.305 Executing safepoint VM operation: Cleanup
Event: 27.305 Executing safepoint VM operation: Cleanup done

Memory protections (0 events):
No events

Nmethod flushes (20 events):
Event: 11.296 Thread 0x000001a6c12fe740 flushing  nmethod 0x000001a6c4a52590
Event: 11.296 Thread 0x000001a6c12fe740 flushing  nmethod 0x000001a6c4a53790
Event: 11.296 Thread 0x000001a6c12fe740 flushing  nmethod 0x000001a6c4a54410
Event: 11.296 Thread 0x000001a6c12fe740 flushing  nmethod 0x000001a6c4a56110
Event: 11.296 Thread 0x000001a6c12fe740 flushing  nmethod 0x000001a6c4a56610
Event: 11.296 Thread 0x000001a6c12fe740 flushing  nmethod 0x000001a6c4a56f10
Event: 11.296 Thread 0x000001a6c12fe740 flushing  nmethod 0x000001a6c4a57a90
Event: 11.296 Thread 0x000001a6c12fe740 flushing  nmethod 0x000001a6c4a58310
Event: 11.296 Thread 0x000001a6c12fe740 flushing  nmethod 0x000001a6c4a59810
Event: 11.296 Thread 0x000001a6c12fe740 flushing  nmethod 0x000001a6c4a59d90
Event: 11.296 Thread 0x000001a6c12fe740 flushing  nmethod 0x000001a6c4a5ba10
Event: 11.296 Thread 0x000001a6c12fe740 flushing  nmethod 0x000001a6c4a5c310
Event: 11.296 Thread 0x000001a6c12fe740 flushing  nmethod 0x000001a6c4aabf90
Event: 11.296 Thread 0x000001a6c12fe740 flushing  nmethod 0x000001a6c4aac290
Event: 11.296 Thread 0x000001a6c12fe740 flushing  nmethod 0x000001a6c4afe390
Event: 11.296 Thread 0x000001a6c12fe740 flushing  nmethod 0x000001a6c4affb10
Event: 11.296 Thread 0x000001a6c12fe740 flushing  nmethod 0x000001a6c4b14410
Event: 11.296 Thread 0x000001a6c12fe740 flushing  nmethod 0x000001a6c4b44290
Event: 11.296 Thread 0x000001a6c12fe740 flushing  nmethod 0x000001a6c4b7cc90
Event: 11.296 Thread 0x000001a6c12fe740 flushing  nmethod 0x000001a6c4b7d510

Events (20 events):
Event: 10.276 Thread 0x000001a71fecc490 Thread added: 0x000001a720ab6560
Event: 10.423 Thread 0x000001a720ab6560 Thread added: 0x000001a720ab51b0
Event: 10.927 Thread 0x000001a71f8b11b0 Thread added: 0x000001a720ab8cc0
Event: 11.050 Thread 0x000001a720ab6560 Thread added: 0x000001a720ab5840
Event: 11.133 Thread 0x000001a720ab5840 Thread added: 0x000001a720ab6bf0
Event: 11.175 Thread 0x000001a6c123bb80 Thread added: 0x000001a720ab8630
Event: 11.176 Thread 0x000001a6c123bb80 Thread added: 0x000001a720ab9350
Event: 11.177 Thread 0x000001a6c123bb80 Thread added: 0x000001a720ab7910
Event: 11.177 Thread 0x000001a6c123bb80 Thread added: 0x000001a720ab7fa0
Event: 11.178 Thread 0x000001a6c123bb80 Thread added: 0x000001a720ab5ed0
Event: 11.178 Thread 0x000001a6c123bb80 Thread added: 0x000001a720ab99e0
Event: 11.179 Thread 0x000001a6c123bb80 Thread added: 0x000001a720ab7280
Event: 11.179 Thread 0x000001a6c123bb80 Thread added: 0x000001a720aba070
Event: 11.179 Thread 0x000001a6c123bb80 Thread added: 0x000001a720aba700
Event: 11.227 Thread 0x000001a6c123bb80 Thread added: 0x000001a720abad90
Event: 11.653 Thread 0x000001a6c123bb80 Thread added: 0x000001a720abbab0
Event: 11.653 Thread 0x000001a6c123bb80 Thread added: 0x000001a720abc140
Event: 13.454 Thread 0x000001a71fecb770 Thread added: 0x000001a721c500b0
Event: 14.792 Thread 0x000001a71f260050 Thread exited: 0x000001a71f260050
Event: 15.814 Thread 0x000001a71fecb770 Thread added: 0x000001a721c52180


Dynamic libraries:
0x00007ff6b3860000 - 0x00007ff6b386e000 	c:\Users\LENOVO\.vscode\extensions\redhat.java-1.54.0-win32-x64\jre\21.0.10-win32-x86_64\bin\java.exe
0x00007ffd75d60000 - 0x00007ffd75fc7000 	C:\Windows\SYSTEM32\ntdll.dll
0x00007ffd74da0000 - 0x00007ffd74e69000 	C:\Windows\System32\KERNEL32.DLL
0x00007ffd72cb0000 - 0x00007ffd730a7000 	C:\Windows\System32\KERNELBASE.dll
0x00007ffd72910000 - 0x00007ffd72a5b000 	C:\Windows\System32\ucrtbase.dll
0x00007ffd64fd0000 - 0x00007ffd64fe8000 	c:\Users\LENOVO\.vscode\extensions\redhat.java-1.54.0-win32-x64\jre\21.0.10-win32-x86_64\bin\jli.dll
0x00007ffd74820000 - 0x00007ffd749e6000 	C:\Windows\System32\USER32.dll
0x00007ffd72c80000 - 0x00007ffd72ca7000 	C:\Windows\System32\win32u.dll
0x00007ffd75020000 - 0x00007ffd7504b000 	C:\Windows\System32\GDI32.dll
0x00007ffd739b0000 - 0x00007ffd73adc000 	C:\Windows\System32\gdi32full.dll
0x00007ffd72a60000 - 0x00007ffd72b03000 	C:\Windows\System32\msvcp_win.dll
0x00007ffd62870000 - 0x00007ffd6288e000 	c:\Users\LENOVO\.vscode\extensions\redhat.java-1.54.0-win32-x64\jre\21.0.10-win32-x86_64\bin\VCRUNTIME140.dll
0x00007ffd5f810000 - 0x00007ffd5faa2000 	C:\Windows\WinSxS\amd64_microsoft.windows.common-controls_6595b64144ccf1df_6.0.26100.8457_none_3e0b2faee331e92d\COMCTL32.dll
0x00007ffd74ab0000 - 0x00007ffd74b59000 	C:\Windows\System32\msvcrt.dll
0x00007ffd74fd0000 - 0x00007ffd75002000 	C:\Windows\System32\IMM32.DLL
0x00007ffd6d440000 - 0x00007ffd6d44c000 	c:\Users\LENOVO\.vscode\extensions\redhat.java-1.54.0-win32-x64\jre\21.0.10-win32-x86_64\bin\vcruntime140_1.dll
0x00007ffd61230000 - 0x00007ffd612bd000 	c:\Users\LENOVO\.vscode\extensions\redhat.java-1.54.0-win32-x64\jre\21.0.10-win32-x86_64\bin\msvcp140.dll
0x00007ffd24c20000 - 0x00007ffd259c1000 	c:\Users\LENOVO\.vscode\extensions\redhat.java-1.54.0-win32-x64\jre\21.0.10-win32-x86_64\bin\server\jvm.dll
0x00007ffd749f0000 - 0x00007ffd74aa6000 	C:\Windows\System32\ADVAPI32.dll
0x00007ffd75c70000 - 0x00007ffd75d17000 	C:\Windows\System32\sechost.dll
0x00007ffd74b60000 - 0x00007ffd74c78000 	C:\Windows\System32\RPCRT4.dll
0x00007ffd74e70000 - 0x00007ffd74ef0000 	C:\Windows\System32\WS2_32.dll
0x00007ffd725f0000 - 0x00007ffd7264e000 	C:\Windows\SYSTEM32\POWRPROF.dll
0x00007ffd66ec0000 - 0x00007ffd66ef6000 	C:\Windows\SYSTEM32\WINMM.dll
0x00007ffd66d00000 - 0x00007ffd66d0b000 	C:\Windows\SYSTEM32\VERSION.dll
0x00007ffd725d0000 - 0x00007ffd725e4000 	C:\Windows\SYSTEM32\UMPDC.dll
0x00007ffd71520000 - 0x00007ffd7153b000 	C:\Windows\SYSTEM32\kernel.appcore.dll
0x00007ffd6a8d0000 - 0x00007ffd6a8da000 	c:\Users\LENOVO\.vscode\extensions\redhat.java-1.54.0-win32-x64\jre\21.0.10-win32-x86_64\bin\jimage.dll
0x00007ffd70940000 - 0x00007ffd70b82000 	C:\Windows\SYSTEM32\DBGHELP.DLL
0x00007ffd73ae0000 - 0x00007ffd73e63000 	C:\Windows\System32\combase.dll
0x00007ffd742b0000 - 0x00007ffd74389000 	C:\Windows\System32\OLEAUT32.dll
0x00007ffd4f1b0000 - 0x00007ffd4f1eb000 	C:\Windows\SYSTEM32\dbgcore.DLL
0x00007ffd72b10000 - 0x00007ffd72bb8000 	C:\Windows\System32\bcryptPrimitives.dll
0x00007ffd59300000 - 0x00007ffd5930f000 	c:\Users\LENOVO\.vscode\extensions\redhat.java-1.54.0-win32-x64\jre\21.0.10-win32-x86_64\bin\instrument.dll
0x00007ffd624e0000 - 0x00007ffd62500000 	c:\Users\LENOVO\.vscode\extensions\redhat.java-1.54.0-win32-x64\jre\21.0.10-win32-x86_64\bin\java.dll
0x00007ffd75210000 - 0x00007ffd7597e000 	C:\Windows\System32\SHELL32.dll
0x00007ffd730b0000 - 0x00007ffd7391c000 	C:\Windows\System32\windows.storage.dll
0x00007ffd75b70000 - 0x00007ffd75c66000 	C:\Windows\System32\SHCORE.dll
0x00007ffd74d30000 - 0x00007ffd74d96000 	C:\Windows\System32\shlwapi.dll
0x00007ffd726b0000 - 0x00007ffd726d9000 	C:\Windows\SYSTEM32\profapi.dll
0x00007ffd62430000 - 0x00007ffd62448000 	c:\Users\LENOVO\.vscode\extensions\redhat.java-1.54.0-win32-x64\jre\21.0.10-win32-x86_64\bin\zip.dll
0x00007ffd64ef0000 - 0x00007ffd64f00000 	C:\Users\LENOVO\.vscode\extensions\redhat.java-1.54.0-win32-x64\jre\21.0.10-win32-x86_64\bin\net.dll
0x00007ffd6b2e0000 - 0x00007ffd6b409000 	C:\Windows\SYSTEM32\WINHTTP.dll
0x00007ffd71a90000 - 0x00007ffd71afc000 	C:\Windows\system32\mswsock.dll
0x00007ffd623f0000 - 0x00007ffd62406000 	C:\Users\LENOVO\.vscode\extensions\redhat.java-1.54.0-win32-x64\jre\21.0.10-win32-x86_64\bin\nio.dll
0x00007ffd61210000 - 0x00007ffd61220000 	c:\Users\LENOVO\.vscode\extensions\redhat.java-1.54.0-win32-x64\jre\21.0.10-win32-x86_64\bin\verify.dll
0x00007ffd31600000 - 0x00007ffd31645000 	C:\Users\LENOVO\AppData\Roaming\Code\User\globalStorage\redhat.java\1.54.0\config_win\org.eclipse.equinox.launcher\org.eclipse.equinox.launcher.win32.win32.x86_64_1.3.0.v20260203-2149\eclipse_11919.dll
0x00007ffd73f30000 - 0x00007ffd740c7000 	C:\Windows\System32\ole32.dll
0x00007ffd71d70000 - 0x00007ffd71d8b000 	C:\Windows\SYSTEM32\CRYPTSP.dll
0x00007ffd71480000 - 0x00007ffd714b9000 	C:\Windows\system32\rsaenh.dll
0x00007ffd71b40000 - 0x00007ffd71b73000 	C:\Windows\SYSTEM32\USERENV.dll
0x00007ffd72680000 - 0x00007ffd726aa000 	C:\Windows\SYSTEM32\bcrypt.dll
0x00007ffd71d90000 - 0x00007ffd71d9c000 	C:\Windows\SYSTEM32\CRYPTBASE.dll
0x00007ffd70f10000 - 0x00007ffd70f42000 	C:\Windows\SYSTEM32\IPHLPAPI.DLL
0x00007ffd75010000 - 0x00007ffd7501a000 	C:\Windows\System32\NSI.dll
0x00007ffd61560000 - 0x00007ffd6156a000 	C:\Users\LENOVO\.vscode\extensions\redhat.java-1.54.0-win32-x64\jre\21.0.10-win32-x86_64\bin\management.dll
0x00007ffd61550000 - 0x00007ffd6155c000 	C:\Users\LENOVO\.vscode\extensions\redhat.java-1.54.0-win32-x64\jre\21.0.10-win32-x86_64\bin\management_ext.dll
0x00007ffd74c90000 - 0x00007ffd74c98000 	C:\Windows\System32\PSAPI.DLL
0x00007ffd33d50000 - 0x00007ffd33d99000 	C:\Users\LENOVO\AppData\Local\Temp\jna--2053026509\jna12928887059659814914.dll
0x00007ffd6c4e0000 - 0x00007ffd6c4fd000 	C:\Windows\SYSTEM32\dhcpcsvc6.DLL
0x00007ffd6c2f0000 - 0x00007ffd6c315000 	C:\Windows\SYSTEM32\dhcpcsvc.DLL
0x00007ffd623e0000 - 0x00007ffd623ee000 	C:\Users\LENOVO\.vscode\extensions\redhat.java-1.54.0-win32-x64\jre\21.0.10-win32-x86_64\bin\sunmscapi.dll
0x00007ffd72790000 - 0x00007ffd72908000 	C:\Windows\System32\CRYPT32.dll
0x00007ffd71f90000 - 0x00007ffd71fc0000 	C:\Windows\SYSTEM32\ncrypt.dll
0x00007ffd71f40000 - 0x00007ffd71f7f000 	C:\Windows\SYSTEM32\NTASN1.dll
0x00007ffd70fa0000 - 0x00007ffd710d2000 	C:\Windows\SYSTEM32\DNSAPI.dll
0x00007ffd6b6d0000 - 0x00007ffd6b6db000 	C:\Windows\System32\rasadhlp.dll
0x00007ffd6c780000 - 0x00007ffd6c806000 	C:\Windows\System32\fwpuclnt.dll
0x00007ffd61220000 - 0x00007ffd61229000 	C:\Users\LENOVO\.vscode\extensions\redhat.java-1.54.0-win32-x64\jre\21.0.10-win32-x86_64\bin\extnet.dll

JVMTI agents:
c:\Users\LENOVO\.vscode\extensions\redhat.java-1.54.0-win32-x64\lombok\lombok-1.18.39-4050.jar path:c:\Users\LENOVO\.vscode\extensions\redhat.java-1.54.0-win32-x64\jre\21.0.10-win32-x86_64\bin\instrument.dll, loaded, initialized, instrumentlib options:none

dbghelp: loaded successfully - version: 4.0.5 - missing functions: none
symbol engine: initialized successfully - sym options: 0x614 - pdb path: .;c:\Users\LENOVO\.vscode\extensions\redhat.java-1.54.0-win32-x64\jre\21.0.10-win32-x86_64\bin;C:\Windows\SYSTEM32;C:\Windows\WinSxS\amd64_microsoft.windows.common-controls_6595b64144ccf1df_6.0.26100.8457_none_3e0b2faee331e92d;c:\Users\LENOVO\.vscode\extensions\redhat.java-1.54.0-win32-x64\jre\21.0.10-win32-x86_64\bin\server;C:\Users\LENOVO\AppData\Roaming\Code\User\globalStorage\redhat.java\1.54.0\config_win\org.eclipse.equinox.launcher\org.eclipse.equinox.launcher.win32.win32.x86_64_1.3.0.v20260203-2149;C:\Users\LENOVO\AppData\Local\Temp\jna--2053026509

VM Arguments:
jvm_args: --add-modules=ALL-SYSTEM --add-opens=java.base/java.util=ALL-UNNAMED --add-opens=java.base/java.lang=ALL-UNNAMED --add-opens=java.base/sun.nio.fs=ALL-UNNAMED -Declipse.application=org.eclipse.jdt.ls.core.id1 -Dosgi.bundles.defaultStartLevel=4 -Declipse.product=org.eclipse.jdt.ls.core.product -Djava.import.generatesMetadataFilesAtProjectRoot=false -DDetectVMInstallationsJob.disabled=true -Dfile.encoding=utf8 -XX:+UseParallelGC -XX:GCTimeRatio=4 -XX:AdaptiveSizePolicyWeight=90 -Dsun.zip.disableMemoryMapping=true -Xmx2G -Xms100m -Xlog:disable -javaagent:c:\Users\LENOVO\.vscode\extensions\redhat.java-1.54.0-win32-x64\lombok\lombok-1.18.39-4050.jar -XX:+HeapDumpOnOutOfMemoryError -XX:HeapDumpPath=c:\Users\LENOVO\AppData\Roaming\Code\User\workspaceStorage\0d88da814efa6f1f61916e2de9831c91\redhat.java -Daether.dependencyCollector.impl=bf 
java_command: c:\Users\LENOVO\.vscode\extensions\redhat.java-1.54.0-win32-x64\server\plugins\org.eclipse.equinox.launcher_1.7.100.v20251111-0406.jar -configuration c:\Users\LENOVO\AppData\Roaming\Code\User\globalStorage\redhat.java\1.54.0\config_win -data c:\Users\LENOVO\AppData\Roaming\Code\User\workspaceStorage\0d88da814efa6f1f61916e2de9831c91\redhat.java\jdt_ws --pipe=\\.\pipe\lsp-6f5e9cab54c90263f5e9269d14e43c28-sock
java_class_path (initial): c:\Users\LENOVO\.vscode\extensions\redhat.java-1.54.0-win32-x64\server\plugins\org.eclipse.equinox.launcher_1.7.100.v20251111-0406.jar
Launcher Type: SUN_STANDARD

[Global flags]
    uintx AdaptiveSizePolicyWeight                 = 90                                        {product} {command line}
     intx CICompilerCount                          = 4                                         {product} {ergonomic}
    uintx GCTimeRatio                              = 4                                         {product} {command line}
     bool HeapDumpOnOutOfMemoryError               = true                                   {manageable} {command line}
    ccstr HeapDumpPath                             = c:\Users\LENOVO\AppData\Roaming\Code\User\workspaceStorage\0d88da814efa6f1f61916e2de9831c91\redhat.java         {manageable} {command line}
   size_t InitialHeapSize                          = 104857600                                 {product} {command line}
   size_t MaxHeapSize                              = 2147483648                                {product} {command line}
   size_t MaxNewSize                               = 715653120                                 {product} {ergonomic}
   size_t MinHeapDeltaBytes                        = 524288                                    {product} {ergonomic}
   size_t MinHeapSize                              = 104857600                                 {product} {command line}
   size_t NewSize                                  = 34603008                                  {product} {ergonomic}
    uintx NonNMethodCodeHeapSize                   = 5839372                                {pd product} {ergonomic}
    uintx NonProfiledCodeHeapSize                  = 122909434                              {pd product} {ergonomic}
   size_t OldSize                                  = 70254592                                  {product} {ergonomic}
    uintx ProfiledCodeHeapSize                     = 122909434                              {pd product} {ergonomic}
    uintx ReservedCodeCacheSize                    = 251658240                              {pd product} {ergonomic}
     bool SegmentedCodeCache                       = true                                      {product} {ergonomic}
   size_t SoftMaxHeapSize                          = 2147483648                             {manageable} {ergonomic}
     bool UseCompressedOops                        = true                           {product lp64_product} {ergonomic}
     bool UseLargePagesIndividualAllocation        = false                                  {pd product} {ergonomic}
     bool UseParallelGC                            = true                                      {product} {command line}

Logging:
Log output configuration:
 #0: stdout all=off uptime,level,tags foldmultilines=false
 #1: stderr all=off uptime,level,tags foldmultilines=false

Release file:
JAVA_VERSION="21.0.10" 
MODULES="java.base java.compiler java.datatransfer java.xml java.prefs java.desktop java.instrument java.logging java.management java.security.sasl java.naming java.rmi java.management.rmi java.net.http java.scripting java.security.jgss java.transaction.xa java.sql java.sql.rowset java.xml.crypto java.se java.smartcardio jdk.accessibility jdk.internal.jvmstat jdk.attach jdk.charsets jdk.internal.opt jdk.zipfs jdk.compiler jdk.crypto.ec jdk.crypto.cryptoki jdk.crypto.mscapi jdk.dynalink jdk.internal.ed jdk.editpad jdk.hotspot.agent jdk.httpserver jdk.internal.le jdk.internal.vm.ci jdk.internal.vm.compiler jdk.internal.vm.compiler.management jdk.jartool jdk.javadoc jdk.jcmd jdk.management jdk.management.agent jdk.jconsole jdk.jdeps jdk.jdwp.agent jdk.jdi jdk.jfr jdk.jshell jdk.jsobject jdk.jstatd jdk.localedata jdk.management.jfr jdk.naming.dns jdk.naming.rmi jdk.net jdk.nio.mapmode jdk.random jdk.sctp jdk.security.auth jdk.security.jgss jdk.unsupported jdk.unsupported.desktop jdk.xml.dom" 

Environment Variables:
PATH=C:\Program Files\Common Files\Oracle\Java\javapath;C:\Program Files\Python313\Scripts\;C:\Program Files\Python313\;C:\Windows\system32;C:\Windows;C:\Windows\System32\Wbem;C:\Windows\System32\WindowsPowerShell\v1.0\;C:\Windows\System32\OpenSSH\;C:\Program Files\Git\cmd;C:\Program Files\nodejs\;C:\Users\LENOVO\AppData\Local\Microsoft\WindowsApps;C:\Users\LENOVO\AppData\Roaming\npm;C:\Users\LENOVO\AppData\Local\Programs\Microsoft VS Code\bin
USERNAME=LENOVO
OS=Windows_NT
PROCESSOR_IDENTIFIER=AMD64 Family 23 Model 160 Stepping 0, AuthenticAMD
TMP=C:\Users\LENOVO\AppData\Local\Temp
TEMP=C:\Users\LENOVO\AppData\Local\Temp




Periodic native trim disabled

---------------  S Y S T E M  ---------------

OS:
 Windows 11 , 64 bit Build 26100 (10.0.26100.8328)
OS uptime: 9 days 1:34 hours
Hyper-V role detected

CPU: total 8 (initial active 8) (8 cores per cpu, 2 threads per core) family 23 model 160 stepping 0 microcode 0x8a0000a, cx8, cmov, fxsr, ht, mmx, 3dnowpref, sse, sse2, sse3, ssse3, sse4a, sse4.1, sse4.2, popcnt, lzcnt, tsc, tscinvbit, avx, avx2, aes, clmul, bmi1, bmi2, adx, sha, fma, vzeroupper, clflush, clflushopt, hv, rdtscp, rdpid, f16c
Processor Information for the first 8 processors :
  Max Mhz: 2401, Current Mhz: 2401, Mhz Limit: 2401

Memory: 4k page, system-wide physical 5965M (375M free)
TotalPageFile size 24397M (AvailPageFile size 1M)
current process WorkingSet (physical memory assigned to process): 105M, peak: 233M
current process commit charge ("private bytes"): 325M, peak: 348M

vm_info: OpenJDK 64-Bit Server VM (21.0.10+7-LTS) for windows-amd64 JRE (21.0.10+7-LTS), built on 2026-01-20T00:00:00Z by "admin" with MS VC++ 17.12 (VS2022)

END.
