#
# There is insufficient memory for the Java Runtime Environment to continue.
# Native memory allocation (malloc) failed to allocate 1664816 bytes. Error detail: Chunk::new
# Possible reasons:
#   The system is out of physical RAM or swap space
#   This process is running with CompressedOops enabled, and the Java Heap may be blocking the growth of the native heap
# Possible solutions:
#   Reduce memory load on the system
#   Increase physical memory or swap space
#   Check if swap backing store is full
#   Decrease Java heap size (-Xmx/-Xms)
#   Decrease number of Java threads
#   Decrease Java thread stack sizes (-Xss)
#   Set larger code cache with -XX:ReservedCodeCacheSize=
#   JVM is running with Unscaled Compressed Oops mode in which the Java heap is
#     placed in the first 4GB address space. The Java Heap base address is the
#     maximum limit for the native heap growth. Please use -XX:HeapBaseMinAddress
#     to set the Java Heap base and to place the Java Heap above 4GB virtual address.
# This output file may be truncated or incomplete.
#
#  Out of Memory Error (arena.cpp:168), pid=9292, tid=13276
#
# JRE version: OpenJDK Runtime Environment Temurin-21.0.10+7 (21.0.10+7) (build 21.0.10+7-LTS)
# Java VM: OpenJDK 64-Bit Server VM Temurin-21.0.10+7 (21.0.10+7-LTS, mixed mode, sharing, tiered, compressed oops, compressed class ptrs, parallel gc, windows-amd64)
# No core dump will be written. Minidumps are not enabled by default on client versions of Windows
#

---------------  S U M M A R Y ------------

Command Line: --add-modules=ALL-SYSTEM --add-opens=java.base/java.util=ALL-UNNAMED --add-opens=java.base/java.lang=ALL-UNNAMED --add-opens=java.base/sun.nio.fs=ALL-UNNAMED -Declipse.application=org.eclipse.jdt.ls.core.id1 -Dosgi.bundles.defaultStartLevel=4 -Declipse.product=org.eclipse.jdt.ls.core.product -Djava.import.generatesMetadataFilesAtProjectRoot=false -DDetectVMInstallationsJob.disabled=true -Dfile.encoding=utf8 -XX:+UseParallelGC -XX:GCTimeRatio=4 -XX:AdaptiveSizePolicyWeight=90 -Dsun.zip.disableMemoryMapping=true -Xmx2G -Xms100m -Xlog:disable -javaagent:c:\Users\LENOVO\.vscode\extensions\redhat.java-1.54.0-win32-x64\lombok\lombok-1.18.39-4050.jar -XX:+HeapDumpOnOutOfMemoryError -XX:HeapDumpPath=c:\Users\LENOVO\AppData\Roaming\Code\User\workspaceStorage\0d88da814efa6f1f61916e2de9831c91\redhat.java -Daether.dependencyCollector.impl=bf c:\Users\LENOVO\.vscode\extensions\redhat.java-1.54.0-win32-x64\server\plugins\org.eclipse.equinox.launcher_1.7.100.v20251111-0406.jar -configuration c:\Users\LENOVO\AppData\Roaming\Code\User\globalStorage\redhat.java\1.54.0\config_win -data c:\Users\LENOVO\AppData\Roaming\Code\User\workspaceStorage\0d88da814efa6f1f61916e2de9831c91\redhat.java\jdt_ws --pipe=\\.\pipe\lsp-6c7f6b99754fcd9dc5e2b96772513a56-sock

Host: AMD Ryzen 3 7320U with Radeon Graphics         , 8 cores, 5G,  Windows 11 , 64 bit Build 26100 (10.0.26100.8328)
Time: Tue May 26 16:05:16 2026 Malay Peninsula Standard Time elapsed time: 17.013349 seconds (0d 0h 0m 17s)

---------------  T H R E A D  ---------------

Current thread (0x0000025776b2b7c0):  JavaThread "C2 CompilerThread0" daemon [_thread_in_native, id=13276, stack(0x000000d7cbb00000,0x000000d7cbc00000) (1024K)]


Current CompileTask:
C2:17013 3828   !   4       org.eclipse.osgi.internal.loader.classpath.ClasspathManager::findClassImpl (328 bytes)

Stack: [0x000000d7cbb00000,0x000000d7cbc00000]
Native frames: (J=compiled Java code, j=interpreted, Vv=VM code, C=native code)
V  [jvm.dll+0x6d7a39]
V  [jvm.dll+0x8b4b26]
V  [jvm.dll+0x8b70de]
V  [jvm.dll+0x8b77c3]
V  [jvm.dll+0x284346]
V  [jvm.dll+0xc66ed]
V  [jvm.dll+0xc6c31]
V  [jvm.dll+0x3bec01]
V  [jvm.dll+0x38b162]
V  [jvm.dll+0x38a5aa]
V  [jvm.dll+0x24c560]
V  [jvm.dll+0x24bb40]
V  [jvm.dll+0x1cb34e]
V  [jvm.dll+0x25b85d]
V  [jvm.dll+0x259dea]
V  [jvm.dll+0x3f857e]
V  [jvm.dll+0x85f59d]
V  [jvm.dll+0x6d626d]
C  [ucrtbase.dll+0x37b0]
C  [KERNEL32.DLL+0x2e957]
C  [ntdll.dll+0x427c]


---------------  P R O C E S S  ---------------

Threads class SMR info:
_java_thread_list=0x000002577e65b0a0, length=25, elements={
0x000002576f35dd10, 0x0000025776b1bfb0, 0x0000025776b20450, 0x0000025776b22fb0,
0x0000025776b25a20, 0x0000025776b279e0, 0x0000025776b28440, 0x0000025776b2b7c0,
0x0000025776b41800, 0x000002577872b180, 0x0000025778717730, 0x000002577d452720,
0x000002577d7f1d50, 0x000002577d789e80, 0x000002577d78a4f0, 0x000002577dfa98f0,
0x000002577d1f1c00, 0x000002577d1be8f0, 0x000002577d904ac0, 0x000002577d905150,
0x000002577d903da0, 0x000002577d9057e0, 0x000002577f039da0, 0x000002577ebd03b0,
0x000002577d904430
}

Java Threads: ( => current thread )
  0x000002576f35dd10 JavaThread "main"                              [_thread_blocked, id=26336, stack(0x000000d7cb100000,0x000000d7cb200000) (1024K)]
  0x0000025776b1bfb0 JavaThread "Reference Handler"          daemon [_thread_blocked, id=19860, stack(0x000000d7cb500000,0x000000d7cb600000) (1024K)]
  0x0000025776b20450 JavaThread "Finalizer"                  daemon [_thread_blocked, id=9128, stack(0x000000d7cb600000,0x000000d7cb700000) (1024K)]
  0x0000025776b22fb0 JavaThread "Signal Dispatcher"          daemon [_thread_blocked, id=17972, stack(0x000000d7cb700000,0x000000d7cb800000) (1024K)]
  0x0000025776b25a20 JavaThread "Attach Listener"            daemon [_thread_blocked, id=31164, stack(0x000000d7cb800000,0x000000d7cb900000) (1024K)]
  0x0000025776b279e0 JavaThread "Service Thread"             daemon [_thread_blocked, id=17216, stack(0x000000d7cb900000,0x000000d7cba00000) (1024K)]
  0x0000025776b28440 JavaThread "Monitor Deflation Thread"   daemon [_thread_blocked, id=21132, stack(0x000000d7cba00000,0x000000d7cbb00000) (1024K)]
=>0x0000025776b2b7c0 JavaThread "C2 CompilerThread0"         daemon [_thread_in_native, id=13276, stack(0x000000d7cbb00000,0x000000d7cbc00000) (1024K)]
  0x0000025776b41800 JavaThread "C1 CompilerThread0"         daemon [_thread_blocked, id=27204, stack(0x000000d7cbc00000,0x000000d7cbd00000) (1024K)]
  0x000002577872b180 JavaThread "Common-Cleaner"             daemon [_thread_blocked, id=23256, stack(0x000000d7cbd00000,0x000000d7cbe00000) (1024K)]
  0x0000025778717730 JavaThread "Notification Thread"        daemon [_thread_blocked, id=16644, stack(0x000000d7cbe00000,0x000000d7cbf00000) (1024K)]
  0x000002577d452720 JavaThread "Active Thread: Equinox Container: 61ed2173-d438-4c80-a95b-617ec673912c"        [_thread_blocked, id=27712, stack(0x000000d7cbf00000,0x000000d7cc000000) (1024K)]
  0x000002577d7f1d50 JavaThread "Refresh Thread: Equinox Container: 61ed2173-d438-4c80-a95b-617ec673912c" daemon [_thread_blocked, id=4188, stack(0x000000d7cc800000,0x000000d7cc900000) (1024K)]
  0x000002577d789e80 JavaThread "Framework Event Dispatcher: Equinox Container: 61ed2173-d438-4c80-a95b-617ec673912c" daemon [_thread_blocked, id=24372, stack(0x000000d7cc900000,0x000000d7cca00000) (1024K)]
  0x000002577d78a4f0 JavaThread "Start Level: Equinox Container: 61ed2173-d438-4c80-a95b-617ec673912c" daemon [_thread_in_vm, id=10004, stack(0x000000d7cca00000,0x000000d7ccb00000) (1024K)]
  0x000002577dfa98f0 JavaThread "Bundle File Closer"         daemon [_thread_blocked, id=26080, stack(0x000000d7ccc00000,0x000000d7ccd00000) (1024K)]
  0x000002577d1f1c00 JavaThread "SCR Component Actor"        daemon [_thread_blocked, id=28148, stack(0x000000d7cc000000,0x000000d7cc100000) (1024K)]
  0x000002577d1be8f0 JavaThread "Worker-JM"                         [_thread_blocked, id=32112, stack(0x000000d7cce00000,0x000000d7ccf00000) (1024K)]
  0x000002577d904ac0 JavaThread "Worker-0: Repository registry initialization"        [_thread_blocked, id=6260, stack(0x000000d7ccb00000,0x000000d7ccc00000) (1024K)]
  0x000002577d905150 JavaThread "Worker-1: Updating Maven Dependencies"        [_thread_in_Java, id=11236, stack(0x000000d7ccd00000,0x000000d7cce00000) (1024K)]
  0x000002577d903da0 JavaThread "Worker-2"                          [_thread_blocked, id=32448, stack(0x000000d7ccf00000,0x000000d7cd000000) (1024K)]
  0x000002577d9057e0 JavaThread "Worker-3"                          [_thread_blocked, id=30912, stack(0x000000d7cd000000,0x000000d7cd100000) (1024K)]
  0x000002577f039da0 JavaThread "C2 CompilerThread1"         daemon [_thread_in_native, id=14512, stack(0x000000d7cd100000,0x000000d7cd200000) (1024K)]
  0x000002577ebd03b0 JavaThread "C2 CompilerThread2"         daemon [_thread_in_native, id=31672, stack(0x000000d7cd200000,0x000000d7cd300000) (1024K)]
  0x000002577d904430 JavaThread "Java indexing"              daemon [_thread_blocked, id=12956, stack(0x000000d7cd300000,0x000000d7cd400000) (1024K)]
Total: 25

Other Threads:
  0x000002576f41eae0 VMThread "VM Thread"                           [id=14616, stack(0x000000d7cb400000,0x000000d7cb500000) (1024K)]
  0x0000025776a3ca00 WatcherThread "VM Periodic Task Thread"        [id=10192, stack(0x000000d7cb300000,0x000000d7cb400000) (1024K)]
  0x000002576f37c480 WorkerThread "GC Thread#0"                     [id=28048, stack(0x000000d7cb200000,0x000000d7cb300000) (1024K)]
  0x000002577d3cc820 WorkerThread "GC Thread#1"                     [id=7008, stack(0x000000d7cc100000,0x000000d7cc200000) (1024K)]
  0x000002577d31b160 WorkerThread "GC Thread#2"                     [id=20060, stack(0x000000d7cc200000,0x000000d7cc300000) (1024K)]
  0x000002577d2f6550 WorkerThread "GC Thread#3"                     [id=13492, stack(0x000000d7cc300000,0x000000d7cc400000) (1024K)]
  0x000002577d2f6900 WorkerThread "GC Thread#4"                     [id=13096, stack(0x000000d7cc400000,0x000000d7cc500000) (1024K)]
  0x000002577d315950 WorkerThread "GC Thread#5"                     [id=27348, stack(0x000000d7cc500000,0x000000d7cc600000) (1024K)]
  0x000002577d315d00 WorkerThread "GC Thread#6"                     [id=27704, stack(0x000000d7cc600000,0x000000d7cc700000) (1024K)]
  0x000002577d854bb0 WorkerThread "GC Thread#7"                     [id=5232, stack(0x000000d7cc700000,0x000000d7cc800000) (1024K)]
Total: 10

Threads with active compile tasks:
C2 CompilerThread0  17064 3828   !   4       org.eclipse.osgi.internal.loader.classpath.ClasspathManager::findClassImpl (328 bytes)
C2 CompilerThread1  17064 3893       4       lombok.patcher.PatchScript$MethodPatcher::visitMethod (158 bytes)
C2 CompilerThread2  17064 3917       4       org.lombokweb.asm.ClassReader::readMethod (1070 bytes)
Total: 3

VM state: not at safepoint (normal execution)

VM Mutex/Monitor currently owned by a thread: None

Heap address: 0x0000000080000000, size: 2048 MB, Compressed Oops mode: 32-bit

CDS archive(s) mapped at: [0x000002570f000000-0x000002570fba0000-0x000002570fba0000), size 12189696, SharedBaseAddress: 0x000002570f000000, ArchiveRelocationMode: 1.
Compressed class space mapped at: 0x0000025710000000-0x0000025750000000, reserved size: 1073741824
Narrow klass base: 0x000002570f000000, Narrow klass shift: 0, Narrow klass range: 0x100000000

GC Precious Log:
 CardTable entry size: 512
 CPUs: 8 total, 8 available
 Memory: 5965M
 Large Page Support: Disabled
 NUMA Support: Disabled
 Compressed Oops: Enabled (32-bit)
 Alignments: Space 512K, Generation 512K, Heap 2M
 Heap Min Capacity: 100M
 Heap Initial Capacity: 100M
 Heap Max Capacity: 2G
 Pre-touch: Disabled
 Parallel Workers: 8

Heap:
 PSYoungGen      total 25600K, used 20365K [0x00000000d5580000, 0x00000000d7480000, 0x0000000100000000)
  eden space 23040K, 78% used [0x00000000d5580000,0x00000000d6711508,0x00000000d6c00000)
  from space 2560K, 92% used [0x00000000d7200000,0x00000000d74522b0,0x00000000d7480000)
  to   space 2560K, 0% used [0x00000000d6f80000,0x00000000d6f80000,0x00000000d7200000)
 ParOldGen       total 68608K, used 12965K [0x0000000080000000, 0x0000000084300000, 0x00000000d5580000)
  object space 68608K, 18% used [0x0000000080000000,0x0000000080ca9718,0x0000000084300000)
 Metaspace       used 28047K, committed 28928K, reserved 1114112K
  class space    used 2844K, committed 3200K, reserved 1048576K

Card table byte_map: [0x000002576ec10000,0x000002576f020000] _byte_map_base: 0x000002576e810000

Marking Bits: (ParMarkBitMap*) 0x00007ffd258e3450
 Begin Bits: [0x0000025772560000, 0x0000025774560000)
 End Bits:   [0x0000025774560000, 0x0000025776560000)

Polling page: 0x000002576d0c0000

Metaspace:

Usage:
  Non-class:     24.61 MB used.
      Class:      2.78 MB used.
       Both:     27.39 MB used.

Virtual space:
  Non-class space:       64.00 MB reserved,      25.12 MB ( 39%) committed,  1 nodes.
      Class space:        1.00 GB reserved,       3.12 MB ( <1%) committed,  1 nodes.
             Both:        1.06 GB reserved,      28.25 MB (  3%) committed. 

Chunk freelists:
   Non-Class:  6.36 MB
       Class:  12.88 MB
        Both:  19.23 MB

MaxMetaspaceSize: unlimited
CompressedClassSpaceSize: 1.00 GB
Initial GC threshold: 21.00 MB
Current GC threshold: 35.00 MB
CDS: on
 - commit_granule_bytes: 65536.
 - commit_granule_words: 8192.
 - virtual_space_node_default_size: 8388608.
 - enlarge_chunks_in_place: 1.
 - use_allocation_guard: 0.


Internal statistics:

num_allocs_failed_limit: 3.
num_arena_births: 672.
num_arena_deaths: 14.
num_vsnodes_births: 2.
num_vsnodes_deaths: 0.
num_space_committed: 452.
num_space_uncommitted: 0.
num_chunks_returned_to_freelist: 17.
num_chunks_taken_from_freelist: 1868.
num_chunk_merges: 9.
num_chunk_splits: 1175.
num_chunks_enlarged: 713.
num_inconsistent_stats: 0.

CodeHeap 'non-profiled nmethods': size=120000Kb used=1828Kb max_used=1828Kb free=118171Kb
 bounds [0x0000025707ad0000, 0x0000025707d40000, 0x000002570f000000]
CodeHeap 'profiled nmethods': size=120000Kb used=8368Kb max_used=8368Kb free=111631Kb
 bounds [0x0000025700000000, 0x0000025700830000, 0x0000025707530000]
CodeHeap 'non-nmethods': size=5760Kb used=1325Kb max_used=1346Kb free=4434Kb
 bounds [0x0000025707530000, 0x00000257077a0000, 0x0000025707ad0000]
CodeCache: size=245760Kb, used=11521Kb, max_used=11542Kb, free=234236Kb
 total_blobs=4581, nmethods=3971, adapters=516, full_count=0
Compilation: enabled, stopped_count=0, restarted_count=0

Compilation events (20 events):
Event: 15.986 Thread 0x0000025776b41800 3946       3       java.util.Calendar::internalSet (8 bytes)
Event: 15.986 Thread 0x0000025776b41800 nmethod 3946 0x0000025700814a90 code [0x0000025700814c40, 0x0000025700814d78]
Event: 15.988 Thread 0x0000025776b41800 3947       3       java.lang.AbstractStringBuilder::append (45 bytes)
Event: 15.989 Thread 0x0000025776b41800 nmethod 3947 0x0000025700814e90 code [0x00000257008150a0, 0x00000257008155c8]
Event: 15.994 Thread 0x0000025776b41800 3948       3       java.util.TreeMap::fixAfterInsertion (267 bytes)
Event: 15.997 Thread 0x000002577ebd03b0 nmethod 3912 0x0000025707c93010 code [0x0000025707c93380, 0x0000025707c954e8]
Event: 15.998 Thread 0x0000025776b41800 nmethod 3948 0x0000025700815810 code [0x0000025700815cc0, 0x00000257008180f0]
Event: 15.998 Thread 0x000002577ebd03b0 3924       4       java.util.Properties::loadConvert (540 bytes)
Event: 15.998 Thread 0x0000025776b41800 3952       2       org.eclipse.osgi.internal.debug.Debug::loaderWithClass (40 bytes)
Event: 15.999 Thread 0x0000025776b41800 nmethod 3952 0x0000025700818d10 code [0x0000025700818f00, 0x0000025700819198]
Event: 15.999 Thread 0x0000025776b41800 3949       3       java.lang.CharacterDataLatin1::toUpperCase (67 bytes)
Event: 15.999 Thread 0x0000025776b41800 nmethod 3949 0x0000025700819310 code [0x00000257008194e0, 0x0000025700819808]
Event: 15.999 Thread 0x0000025776b41800 3950       3       java.lang.Character::toUpperCase (6 bytes)
Event: 16.000 Thread 0x0000025776b41800 nmethod 3950 0x0000025700819890 code [0x0000025700819a60, 0x0000025700819cb8]
Event: 16.000 Thread 0x0000025776b41800 3951       3       java.lang.Character::toUpperCase (9 bytes)
Event: 16.000 Thread 0x0000025776b41800 nmethod 3951 0x0000025700819d90 code [0x0000025700819f40, 0x000002570081a138]
Event: 16.003 Thread 0x0000025776b41800 3953       2       java.util.Collections$UnmodifiableCollection::contains (11 bytes)
Event: 16.003 Thread 0x0000025776b41800 nmethod 3953 0x000002570081a210 code [0x000002570081a3c0, 0x000002570081a4f8]
Event: 16.003 Thread 0x0000025776b41800 3954       3       java.lang.String::<init> (98 bytes)
Event: 17.009 Thread 0x0000025776b41800 nmethod 3954 0x000002570081a590 code [0x000002570081a980, 0x000002570081c3d0]

GC Heap History (20 events):
Event: 3.334 GC heap before
{Heap before GC invocations=2 (full 0):
 PSYoungGen      total 29696K, used 28871K [0x00000000d5580000, 0x00000000d7680000, 0x0000000100000000)
  eden space 25600K, 100% used [0x00000000d5580000,0x00000000d6e80000,0x00000000d6e80000)
  from space 4096K, 79% used [0x00000000d6e80000,0x00000000d71b1e98,0x00000000d7280000)
  to   space 4096K, 0% used [0x00000000d7280000,0x00000000d7280000,0x00000000d7680000)
 ParOldGen       total 68608K, used 16K [0x0000000080000000, 0x0000000084300000, 0x00000000d5580000)
  object space 68608K, 0% used [0x0000000080000000,0x0000000080004000,0x0000000084300000)
 Metaspace       used 7999K, committed 8256K, reserved 1114112K
  class space    used 830K, committed 960K, reserved 1048576K
}
Event: 3.342 GC heap after
{Heap after GC invocations=2 (full 0):
 PSYoungGen      total 29696K, used 4086K [0x00000000d5580000, 0x00000000d7680000, 0x0000000100000000)
  eden space 25600K, 0% used [0x00000000d5580000,0x00000000d5580000,0x00000000d6e80000)
  from space 4096K, 99% used [0x00000000d7280000,0x00000000d767d810,0x00000000d7680000)
  to   space 4096K, 0% used [0x00000000d6e80000,0x00000000d6e80000,0x00000000d7280000)
 ParOldGen       total 68608K, used 2033K [0x0000000080000000, 0x0000000084300000, 0x00000000d5580000)
  object space 68608K, 2% used [0x0000000080000000,0x00000000801fc648,0x0000000084300000)
 Metaspace       used 7999K, committed 8256K, reserved 1114112K
  class space    used 830K, committed 960K, reserved 1048576K
}
Event: 4.193 GC heap before
{Heap before GC invocations=3 (full 0):
 PSYoungGen      total 29696K, used 29686K [0x00000000d5580000, 0x00000000d7680000, 0x0000000100000000)
  eden space 25600K, 100% used [0x00000000d5580000,0x00000000d6e80000,0x00000000d6e80000)
  from space 4096K, 99% used [0x00000000d7280000,0x00000000d767d810,0x00000000d7680000)
  to   space 4096K, 0% used [0x00000000d6e80000,0x00000000d6e80000,0x00000000d7280000)
 ParOldGen       total 68608K, used 2033K [0x0000000080000000, 0x0000000084300000, 0x00000000d5580000)
  object space 68608K, 2% used [0x0000000080000000,0x00000000801fc648,0x0000000084300000)
 Metaspace       used 9435K, committed 9728K, reserved 1114112K
  class space    used 1005K, committed 1152K, reserved 1048576K
}
Event: 4.201 GC heap after
{Heap after GC invocations=3 (full 0):
 PSYoungGen      total 29696K, used 4071K [0x00000000d5580000, 0x00000000d7680000, 0x0000000100000000)
  eden space 25600K, 0% used [0x00000000d5580000,0x00000000d5580000,0x00000000d6e80000)
  from space 4096K, 99% used [0x00000000d6e80000,0x00000000d7279d30,0x00000000d7280000)
  to   space 4096K, 0% used [0x00000000d7280000,0x00000000d7280000,0x00000000d7680000)
 ParOldGen       total 68608K, used 5129K [0x0000000080000000, 0x0000000084300000, 0x00000000d5580000)
  object space 68608K, 7% used [0x0000000080000000,0x00000000805027b8,0x0000000084300000)
 Metaspace       used 9435K, committed 9728K, reserved 1114112K
  class space    used 1005K, committed 1152K, reserved 1048576K
}
Event: 7.799 GC heap before
{Heap before GC invocations=4 (full 0):
 PSYoungGen      total 29696K, used 29671K [0x00000000d5580000, 0x00000000d7680000, 0x0000000100000000)
  eden space 25600K, 100% used [0x00000000d5580000,0x00000000d6e80000,0x00000000d6e80000)
  from space 4096K, 99% used [0x00000000d6e80000,0x00000000d7279d30,0x00000000d7280000)
  to   space 4096K, 0% used [0x00000000d7280000,0x00000000d7280000,0x00000000d7680000)
 ParOldGen       total 68608K, used 5129K [0x0000000080000000, 0x0000000084300000, 0x00000000d5580000)
  object space 68608K, 7% used [0x0000000080000000,0x00000000805027b8,0x0000000084300000)
 Metaspace       used 11641K, committed 11968K, reserved 1114112K
  class space    used 1225K, committed 1408K, reserved 1048576K
}
Event: 7.806 GC heap after
{Heap after GC invocations=4 (full 0):
 PSYoungGen      total 29696K, used 4084K [0x00000000d5580000, 0x00000000d7680000, 0x0000000100000000)
  eden space 25600K, 0% used [0x00000000d5580000,0x00000000d5580000,0x00000000d6e80000)
  from space 4096K, 99% used [0x00000000d7280000,0x00000000d767d0d8,0x00000000d7680000)
  to   space 4096K, 0% used [0x00000000d6e80000,0x00000000d6e80000,0x00000000d7280000)
 ParOldGen       total 68608K, used 6374K [0x0000000080000000, 0x0000000084300000, 0x00000000d5580000)
  object space 68608K, 9% used [0x0000000080000000,0x0000000080639b90,0x0000000084300000)
 Metaspace       used 11641K, committed 11968K, reserved 1114112K
  class space    used 1225K, committed 1408K, reserved 1048576K
}
Event: 8.826 GC heap before
{Heap before GC invocations=5 (full 0):
 PSYoungGen      total 29696K, used 29684K [0x00000000d5580000, 0x00000000d7680000, 0x0000000100000000)
  eden space 25600K, 99% used [0x00000000d5580000,0x00000000d6e7ffc0,0x00000000d6e80000)
  from space 4096K, 99% used [0x00000000d7280000,0x00000000d767d0d8,0x00000000d7680000)
  to   space 4096K, 0% used [0x00000000d6e80000,0x00000000d6e80000,0x00000000d7280000)
 ParOldGen       total 68608K, used 6374K [0x0000000080000000, 0x0000000084300000, 0x00000000d5580000)
  object space 68608K, 9% used [0x0000000080000000,0x0000000080639b90,0x0000000084300000)
 Metaspace       used 15578K, committed 16256K, reserved 1114112K
  class space    used 1621K, committed 1920K, reserved 1048576K
}
Event: 8.832 GC heap after
{Heap after GC invocations=5 (full 0):
 PSYoungGen      total 29184K, used 4090K [0x00000000d5580000, 0x00000000d7a00000, 0x0000000100000000)
  eden space 25088K, 0% used [0x00000000d5580000,0x00000000d5580000,0x00000000d6e00000)
  from space 4096K, 99% used [0x00000000d6e80000,0x00000000d727ea88,0x00000000d7280000)
  to   space 6144K, 0% used [0x00000000d7400000,0x00000000d7400000,0x00000000d7a00000)
 ParOldGen       total 68608K, used 7862K [0x0000000080000000, 0x0000000084300000, 0x00000000d5580000)
  object space 68608K, 11% used [0x0000000080000000,0x00000000807adaf0,0x0000000084300000)
 Metaspace       used 15578K, committed 16256K, reserved 1114112K
  class space    used 1621K, committed 1920K, reserved 1048576K
}
Event: 12.651 GC heap before
{Heap before GC invocations=6 (full 0):
 PSYoungGen      total 29184K, used 29178K [0x00000000d5580000, 0x00000000d7a00000, 0x0000000100000000)
  eden space 25088K, 100% used [0x00000000d5580000,0x00000000d6e00000,0x00000000d6e00000)
  from space 4096K, 99% used [0x00000000d6e80000,0x00000000d727ea88,0x00000000d7280000)
  to   space 6144K, 0% used [0x00000000d7400000,0x00000000d7400000,0x00000000d7a00000)
 ParOldGen       total 68608K, used 7862K [0x0000000080000000, 0x0000000084300000, 0x00000000d5580000)
  object space 68608K, 11% used [0x0000000080000000,0x00000000807adaf0,0x0000000084300000)
 Metaspace       used 17865K, committed 18688K, reserved 1114112K
  class space    used 1881K, committed 2240K, reserved 1048576K
}
Event: 12.658 GC heap after
{Heap after GC invocations=6 (full 0):
 PSYoungGen      total 29184K, used 4604K [0x00000000d5580000, 0x00000000d7880000, 0x0000000100000000)
  eden space 24576K, 0% used [0x00000000d5580000,0x00000000d5580000,0x00000000d6d80000)
  from space 4608K, 99% used [0x00000000d7400000,0x00000000d787f3a0,0x00000000d7880000)
  to   space 5120K, 0% used [0x00000000d6e80000,0x00000000d6e80000,0x00000000d7380000)
 ParOldGen       total 68608K, used 7870K [0x0000000080000000, 0x0000000084300000, 0x00000000d5580000)
  object space 68608K, 11% used [0x0000000080000000,0x00000000807afaf0,0x0000000084300000)
 Metaspace       used 17865K, committed 18688K, reserved 1114112K
  class space    used 1881K, committed 2240K, reserved 1048576K
}
Event: 13.152 GC heap before
{Heap before GC invocations=7 (full 0):
 PSYoungGen      total 29184K, used 29180K [0x00000000d5580000, 0x00000000d7880000, 0x0000000100000000)
  eden space 24576K, 100% used [0x00000000d5580000,0x00000000d6d80000,0x00000000d6d80000)
  from space 4608K, 99% used [0x00000000d7400000,0x00000000d787f3a0,0x00000000d7880000)
  to   space 5120K, 0% used [0x00000000d6e80000,0x00000000d6e80000,0x00000000d7380000)
 ParOldGen       total 68608K, used 7870K [0x0000000080000000, 0x0000000084300000, 0x00000000d5580000)
  object space 68608K, 11% used [0x0000000080000000,0x00000000807afaf0,0x0000000084300000)
 Metaspace       used 20357K, committed 21184K, reserved 1114112K
  class space    used 2107K, committed 2432K, reserved 1048576K
}
Event: 13.158 GC heap after
{Heap after GC invocations=7 (full 0):
 PSYoungGen      total 29184K, used 5096K [0x00000000d5580000, 0x00000000d7c00000, 0x0000000100000000)
  eden space 24064K, 0% used [0x00000000d5580000,0x00000000d5580000,0x00000000d6d00000)
  from space 5120K, 99% used [0x00000000d6e80000,0x00000000d737a328,0x00000000d7380000)
  to   space 7680K, 0% used [0x00000000d7480000,0x00000000d7480000,0x00000000d7c00000)
 ParOldGen       total 68608K, used 9842K [0x0000000080000000, 0x0000000084300000, 0x00000000d5580000)
  object space 68608K, 14% used [0x0000000080000000,0x000000008099cb18,0x0000000084300000)
 Metaspace       used 20357K, committed 21184K, reserved 1114112K
  class space    used 2107K, committed 2432K, reserved 1048576K
}
Event: 13.219 GC heap before
{Heap before GC invocations=8 (full 0):
 PSYoungGen      total 29184K, used 11191K [0x00000000d5580000, 0x00000000d7c00000, 0x0000000100000000)
  eden space 24064K, 25% used [0x00000000d5580000,0x00000000d5b73a58,0x00000000d6d00000)
  from space 5120K, 99% used [0x00000000d6e80000,0x00000000d737a328,0x00000000d7380000)
  to   space 7680K, 0% used [0x00000000d7480000,0x00000000d7480000,0x00000000d7c00000)
 ParOldGen       total 68608K, used 9842K [0x0000000080000000, 0x0000000084300000, 0x00000000d5580000)
  object space 68608K, 14% used [0x0000000080000000,0x000000008099cb18,0x0000000084300000)
 Metaspace       used 20759K, committed 21504K, reserved 1114112K
  class space    used 2135K, committed 2432K, reserved 1048576K
}
Event: 13.222 GC heap after
{Heap after GC invocations=8 (full 0):
 PSYoungGen      total 27648K, used 3080K [0x00000000d5580000, 0x00000000d7800000, 0x0000000100000000)
  eden space 24064K, 0% used [0x00000000d5580000,0x00000000d5580000,0x00000000d6d00000)
  from space 3584K, 85% used [0x00000000d7480000,0x00000000d7782300,0x00000000d7800000)
  to   space 4608K, 0% used [0x00000000d6f00000,0x00000000d6f00000,0x00000000d7380000)
 ParOldGen       total 68608K, used 10670K [0x0000000080000000, 0x0000000084300000, 0x00000000d5580000)
  object space 68608K, 15% used [0x0000000080000000,0x0000000080a6bbd0,0x0000000084300000)
 Metaspace       used 20759K, committed 21504K, reserved 1114112K
  class space    used 2135K, committed 2432K, reserved 1048576K
}
Event: 13.222 GC heap before
{Heap before GC invocations=9 (full 1):
 PSYoungGen      total 27648K, used 3080K [0x00000000d5580000, 0x00000000d7800000, 0x0000000100000000)
  eden space 24064K, 0% used [0x00000000d5580000,0x00000000d5580000,0x00000000d6d00000)
  from space 3584K, 85% used [0x00000000d7480000,0x00000000d7782300,0x00000000d7800000)
  to   space 4608K, 0% used [0x00000000d6f00000,0x00000000d6f00000,0x00000000d7380000)
 ParOldGen       total 68608K, used 10670K [0x0000000080000000, 0x0000000084300000, 0x00000000d5580000)
  object space 68608K, 15% used [0x0000000080000000,0x0000000080a6bbd0,0x0000000084300000)
 Metaspace       used 20759K, committed 21504K, reserved 1114112K
  class space    used 2135K, committed 2432K, reserved 1048576K
}
Event: 13.276 GC heap after
{Heap after GC invocations=9 (full 1):
 PSYoungGen      total 27648K, used 0K [0x00000000d5580000, 0x00000000d7800000, 0x0000000100000000)
  eden space 24064K, 0% used [0x00000000d5580000,0x00000000d5580000,0x00000000d6d00000)
  from space 3584K, 0% used [0x00000000d7480000,0x00000000d7480000,0x00000000d7800000)
  to   space 4608K, 0% used [0x00000000d6f00000,0x00000000d6f00000,0x00000000d7380000)
 ParOldGen       total 68608K, used 12957K [0x0000000080000000, 0x0000000084300000, 0x00000000d5580000)
  object space 68608K, 18% used [0x0000000080000000,0x0000000080ca7718,0x0000000084300000)
 Metaspace       used 20746K, committed 21504K, reserved 1114112K
  class space    used 2131K, committed 2432K, reserved 1048576K
}
Event: 15.648 GC heap before
{Heap before GC invocations=10 (full 1):
 PSYoungGen      total 27648K, used 24064K [0x00000000d5580000, 0x00000000d7800000, 0x0000000100000000)
  eden space 24064K, 100% used [0x00000000d5580000,0x00000000d6d00000,0x00000000d6d00000)
  from space 3584K, 0% used [0x00000000d7480000,0x00000000d7480000,0x00000000d7800000)
  to   space 4608K, 0% used [0x00000000d6f00000,0x00000000d6f00000,0x00000000d7380000)
 ParOldGen       total 68608K, used 12957K [0x0000000080000000, 0x0000000084300000, 0x00000000d5580000)
  object space 68608K, 18% used [0x0000000080000000,0x0000000080ca7718,0x0000000084300000)
 Metaspace       used 24371K, committed 25216K, reserved 1114112K
  class space    used 2443K, committed 2816K, reserved 1048576K
}
Event: 15.650 GC heap after
{Heap after GC invocations=10 (full 1):
 PSYoungGen      total 26112K, used 2108K [0x00000000d5580000, 0x00000000d7500000, 0x0000000100000000)
  eden space 23552K, 0% used [0x00000000d5580000,0x00000000d5580000,0x00000000d6c80000)
  from space 2560K, 82% used [0x00000000d6f00000,0x00000000d710f000,0x00000000d7180000)
  to   space 3072K, 0% used [0x00000000d7200000,0x00000000d7200000,0x00000000d7500000)
 ParOldGen       total 68608K, used 12965K [0x0000000080000000, 0x0000000084300000, 0x00000000d5580000)
  object space 68608K, 18% used [0x0000000080000000,0x0000000080ca9718,0x0000000084300000)
 Metaspace       used 24371K, committed 25216K, reserved 1114112K
  class space    used 2443K, committed 2816K, reserved 1048576K
}
Event: 15.774 GC heap before
{Heap before GC invocations=11 (full 1):
 PSYoungGen      total 26112K, used 25660K [0x00000000d5580000, 0x00000000d7500000, 0x0000000100000000)
  eden space 23552K, 100% used [0x00000000d5580000,0x00000000d6c80000,0x00000000d6c80000)
  from space 2560K, 82% used [0x00000000d6f00000,0x00000000d710f000,0x00000000d7180000)
  to   space 3072K, 0% used [0x00000000d7200000,0x00000000d7200000,0x00000000d7500000)
 ParOldGen       total 68608K, used 12965K [0x0000000080000000, 0x0000000084300000, 0x00000000d5580000)
  object space 68608K, 18% used [0x0000000080000000,0x0000000080ca9718,0x0000000084300000)
 Metaspace       used 26170K, committed 27008K, reserved 1114112K
  class space    used 2596K, committed 2944K, reserved 1048576K
}
Event: 15.777 GC heap after
{Heap after GC invocations=11 (full 1):
 PSYoungGen      total 25600K, used 2376K [0x00000000d5580000, 0x00000000d7480000, 0x0000000100000000)
  eden space 23040K, 0% used [0x00000000d5580000,0x00000000d5580000,0x00000000d6c00000)
  from space 2560K, 92% used [0x00000000d7200000,0x00000000d74522b0,0x00000000d7480000)
  to   space 2560K, 0% used [0x00000000d6f80000,0x00000000d6f80000,0x00000000d7200000)
 ParOldGen       total 68608K, used 12965K [0x0000000080000000, 0x0000000084300000, 0x00000000d5580000)
  object space 68608K, 18% used [0x0000000080000000,0x0000000080ca9718,0x0000000084300000)
 Metaspace       used 26170K, committed 27008K, reserved 1114112K
  class space    used 2596K, committed 2944K, reserved 1048576K
}

Dll operation events (9 events):
Event: 0.025 Loaded shared library c:\Users\LENOVO\.vscode\extensions\redhat.java-1.54.0-win32-x64\jre\21.0.10-win32-x86_64\bin\java.dll
Event: 0.269 Loaded shared library c:\Users\LENOVO\.vscode\extensions\redhat.java-1.54.0-win32-x64\jre\21.0.10-win32-x86_64\bin\zip.dll
Event: 0.313 Loaded shared library C:\Users\LENOVO\.vscode\extensions\redhat.java-1.54.0-win32-x64\jre\21.0.10-win32-x86_64\bin\instrument.dll
Event: 0.323 Loaded shared library C:\Users\LENOVO\.vscode\extensions\redhat.java-1.54.0-win32-x64\jre\21.0.10-win32-x86_64\bin\net.dll
Event: 0.331 Loaded shared library C:\Users\LENOVO\.vscode\extensions\redhat.java-1.54.0-win32-x64\jre\21.0.10-win32-x86_64\bin\nio.dll
Event: 0.340 Loaded shared library C:\Users\LENOVO\.vscode\extensions\redhat.java-1.54.0-win32-x64\jre\21.0.10-win32-x86_64\bin\zip.dll
Event: 0.390 Loaded shared library C:\Users\LENOVO\.vscode\extensions\redhat.java-1.54.0-win32-x64\jre\21.0.10-win32-x86_64\bin\jimage.dll
Event: 0.675 Loaded shared library c:\Users\LENOVO\.vscode\extensions\redhat.java-1.54.0-win32-x64\jre\21.0.10-win32-x86_64\bin\verify.dll
Event: 3.422 Loaded shared library C:\Users\LENOVO\AppData\Roaming\Code\User\globalStorage\redhat.java\1.54.0\config_win\org.eclipse.equinox.launcher\org.eclipse.equinox.launcher.win32.win32.x86_64_1.3.0.v20260203-2149\eclipse_11919.dll

Deoptimization events (20 events):
Event: 15.987 Thread 0x000002577d78a4f0 Uncommon trap: trap_request=0xffffff45 fr.pc=0x0000025707befa68 relative=0x0000000000000428
Event: 15.987 Thread 0x000002577d78a4f0 Uncommon trap: reason=unstable_if action=reinterpret pc=0x0000025707befa68 method=java.lang.AbstractStringBuilder.isLatin1()Z @ 10 c2
Event: 15.987 Thread 0x000002577d78a4f0 DEOPT PACKING pc=0x0000025707befa68 sp=0x000000d7ccafe6c0
Event: 15.987 Thread 0x000002577d78a4f0 DEOPT UNPACKING pc=0x0000025707583aa2 sp=0x000000d7ccafe630 mode 2
Event: 15.993 Thread 0x000002577d78a4f0 Uncommon trap: trap_request=0xffffffc6 fr.pc=0x0000025707b85cd4 relative=0x0000000000000a74
Event: 15.993 Thread 0x000002577d78a4f0 Uncommon trap: reason=bimorphic_or_optimized_type_check action=maybe_recompile pc=0x0000025707b85cd4 method=java.util.HashMap.putVal(ILjava/lang/Object;Ljava/lang/Object;ZZ)Ljava/lang/Object; @ 56 c2
Event: 15.993 Thread 0x000002577d78a4f0 DEOPT PACKING pc=0x0000025707b85cd4 sp=0x000000d7ccafdf30
Event: 15.993 Thread 0x000002577d78a4f0 DEOPT UNPACKING pc=0x0000025707583aa2 sp=0x000000d7ccafde30 mode 2
Event: 15.993 Thread 0x000002577d78a4f0 Uncommon trap: trap_request=0xffffffc6 fr.pc=0x0000025707b85cd4 relative=0x0000000000000a74
Event: 15.993 Thread 0x000002577d78a4f0 Uncommon trap: reason=bimorphic_or_optimized_type_check action=maybe_recompile pc=0x0000025707b85cd4 method=java.util.HashMap.putVal(ILjava/lang/Object;Ljava/lang/Object;ZZ)Ljava/lang/Object; @ 56 c2
Event: 15.993 Thread 0x000002577d78a4f0 DEOPT PACKING pc=0x0000025707b85cd4 sp=0x000000d7ccafdf30
Event: 15.993 Thread 0x000002577d78a4f0 DEOPT UNPACKING pc=0x0000025707583aa2 sp=0x000000d7ccafde30 mode 2
Event: 15.993 Thread 0x000002577d78a4f0 Uncommon trap: trap_request=0xffffffc6 fr.pc=0x0000025707b85cd4 relative=0x0000000000000a74
Event: 15.993 Thread 0x000002577d78a4f0 Uncommon trap: reason=bimorphic_or_optimized_type_check action=maybe_recompile pc=0x0000025707b85cd4 method=java.util.HashMap.putVal(ILjava/lang/Object;Ljava/lang/Object;ZZ)Ljava/lang/Object; @ 56 c2
Event: 15.993 Thread 0x000002577d78a4f0 DEOPT PACKING pc=0x0000025707b85cd4 sp=0x000000d7ccafdf30
Event: 15.993 Thread 0x000002577d78a4f0 DEOPT UNPACKING pc=0x0000025707583aa2 sp=0x000000d7ccafde30 mode 2
Event: 15.993 Thread 0x000002577d78a4f0 Uncommon trap: trap_request=0xffffffc6 fr.pc=0x0000025707b85cd4 relative=0x0000000000000a74
Event: 15.993 Thread 0x000002577d78a4f0 Uncommon trap: reason=bimorphic_or_optimized_type_check action=maybe_recompile pc=0x0000025707b85cd4 method=java.util.HashMap.putVal(ILjava/lang/Object;Ljava/lang/Object;ZZ)Ljava/lang/Object; @ 56 c2
Event: 15.993 Thread 0x000002577d78a4f0 DEOPT PACKING pc=0x0000025707b85cd4 sp=0x000000d7ccafdf30
Event: 15.993 Thread 0x000002577d78a4f0 DEOPT UNPACKING pc=0x0000025707583aa2 sp=0x000000d7ccafde30 mode 2

Classes loaded (20 events):
Event: 15.957 Loading class java/lang/reflect/UndeclaredThrowableException
Event: 15.957 Loading class java/lang/reflect/UndeclaredThrowableException done
Event: 15.962 Loading class java/lang/annotation/ElementType
Event: 15.963 Loading class java/lang/annotation/ElementType done
Event: 15.963 Loading class java/lang/annotation/Documented
Event: 15.963 Loading class java/lang/annotation/Documented done
Event: 15.990 Loading class java/lang/ProcessEnvironment
Event: 15.991 Loading class java/lang/ProcessEnvironment done
Event: 15.992 Loading class java/lang/ProcessEnvironment$NameComparator
Event: 15.992 Loading class java/lang/ProcessEnvironment$NameComparator done
Event: 15.992 Loading class java/lang/ProcessEnvironment$EntryComparator
Event: 15.992 Loading class java/lang/ProcessEnvironment$EntryComparator done
Event: 15.993 Loading class java/lang/ProcessEnvironment$CheckedEntrySet
Event: 15.993 Loading class java/lang/ProcessEnvironment$CheckedEntrySet done
Event: 15.994 Loading class java/lang/ProcessEnvironment$CheckedEntrySet$1
Event: 15.994 Loading class java/lang/ProcessEnvironment$CheckedEntrySet$1 done
Event: 15.994 Loading class java/lang/ProcessEnvironment$CheckedEntry
Event: 15.994 Loading class java/lang/ProcessEnvironment$CheckedEntry done
Event: 16.004 Loading class java/lang/reflect/ParameterizedType
Event: 16.004 Loading class java/lang/reflect/ParameterizedType done

Classes unloaded (7 events):
Event: 13.231 Thread 0x000002576f41eae0 Unloading class 0x00000257101acc00 'java/lang/invoke/LambdaForm$MH+0x00000257101acc00'
Event: 13.231 Thread 0x000002576f41eae0 Unloading class 0x00000257101ac800 'java/lang/invoke/LambdaForm$MH+0x00000257101ac800'
Event: 13.231 Thread 0x000002576f41eae0 Unloading class 0x00000257101ac400 'java/lang/invoke/LambdaForm$MH+0x00000257101ac400'
Event: 13.231 Thread 0x000002576f41eae0 Unloading class 0x00000257101ac000 'java/lang/invoke/LambdaForm$MH+0x00000257101ac000'
Event: 13.231 Thread 0x000002576f41eae0 Unloading class 0x00000257101abc00 'java/lang/invoke/LambdaForm$BMH+0x00000257101abc00'
Event: 13.231 Thread 0x000002576f41eae0 Unloading class 0x00000257101ab800 'java/lang/invoke/LambdaForm$DMH+0x00000257101ab800'
Event: 13.231 Thread 0x000002576f41eae0 Unloading class 0x00000257101aa400 'java/lang/invoke/LambdaForm$DMH+0x00000257101aa400'

Classes redefined (0 events):
No events

Internal exceptions (20 events):
Event: 14.502 Thread 0x000002577d904ac0 Exception <a 'java/lang/NoSuchMethodError'{0x00000000d61a0290}: 'java.lang.Object java.lang.invoke.DirectMethodHandle$Holder.invokeStaticInit(java.lang.Object, java.lang.Object, java.lang.Object, java.lang.Object, java.lang.Object, java.lang.Object, java.lang.Object)'> (0x00000000d61a0290) 
thrown [s\src\hotspot\share\interpreter\linkResolver.cpp, line 773]
Event: 14.503 Thread 0x000002577d904ac0 Exception <a 'java/lang/NoSuchMethodError'{0x00000000d62124c8}: 'java.lang.Object java.lang.invoke.Invokers$Holder.invoke_MT(java.lang.Object, java.lang.Object, java.lang.Object, java.lang.Object, java.lang.Object, java.lang.Object, java.lang.Object, java.lang.Object, java.lang.Object)'> (0x00000000d62124c8) 
thrown [s\src\hotspot\share\interpreter\linkResolver.cpp, line 773]
Event: 14.514 Thread 0x000002577d904ac0 Exception <a 'java/lang/NoSuchMethodError'{0x00000000d639eca0}: 'int java.lang.invoke.DirectMethodHandle$Holder.invokeVirtual(java.lang.Object, java.lang.Object, java.lang.Object)'> (0x00000000d639eca0) 
thrown [s\src\hotspot\share\interpreter\linkResolver.cpp, line 773]
Event: 14.515 Thread 0x000002577d904ac0 Exception <a 'java/lang/NoSuchMethodError'{0x00000000d63b5288}: 'int java.lang.invoke.DirectMethodHandle$Holder.invokeStaticInit(java.lang.Object, int, int)'> (0x00000000d63b5288) 
thrown [s\src\hotspot\share\interpreter\linkResolver.cpp, line 773]
Event: 14.517 Thread 0x000002577d904ac0 Exception <a 'java/lang/NoSuchMethodError'{0x00000000d63c2e00}: 'int java.lang.invoke.DirectMethodHandle$Holder.invokeStaticInit(java.lang.Object, long, long)'> (0x00000000d63c2e00) 
thrown [s\src\hotspot\share\interpreter\linkResolver.cpp, line 773]
Event: 14.518 Thread 0x000002577d904ac0 Exception <a 'java/lang/NoSuchMethodError'{0x00000000d63d6818}: 'int java.lang.invoke.DirectMethodHandle$Holder.invokeStaticInit(java.lang.Object, float, float)'> (0x00000000d63d6818) 
thrown [s\src\hotspot\share\interpreter\linkResolver.cpp, line 773]
Event: 14.519 Thread 0x000002577d904ac0 Exception <a 'java/lang/NoSuchMethodError'{0x00000000d64497e8}: 'int java.lang.invoke.DirectMethodHandle$Holder.invokeStaticInit(java.lang.Object, double, double)'> (0x00000000d64497e8) 
thrown [s\src\hotspot\share\interpreter\linkResolver.cpp, line 773]
Event: 14.519 Thread 0x000002577d904ac0 Exception <a 'java/lang/NoSuchMethodError'{0x00000000d644d930}: 'int java.lang.invoke.DirectMethodHandle$Holder.invokeStatic(java.lang.Object, long)'> (0x00000000d644d930) 
thrown [s\src\hotspot\share\interpreter\linkResolver.cpp, line 773]
Event: 14.521 Thread 0x000002577d904ac0 Exception <a 'java/lang/NoSuchMethodError'{0x00000000d645e7c8}: 'int java.lang.invoke.DirectMethodHandle$Holder.invokeSpecial(java.lang.Object, java.lang.Object, int, int)'> (0x00000000d645e7c8) 
thrown [s\src\hotspot\share\interpreter\linkResolver.cpp, line 773]
Event: 14.521 Thread 0x000002577d905150 Exception <a 'java/lang/NoSuchMethodError'{0x00000000d6462f98}: 'int java.lang.invoke.DirectMethodHandle$Holder.invokeSpecial(java.lang.Object, java.lang.Object, int, int)'> (0x00000000d6462f98) 
thrown [s\src\hotspot\share\interpreter\linkResolver.cpp, line 773]
Event: 14.524 Thread 0x000002577d904ac0 Exception <a 'java/lang/NoSuchMethodError'{0x00000000d6479660}: 'int java.lang.invoke.Invokers$Holder.linkToTargetMethod(java.lang.Object, java.lang.Object)'> (0x00000000d6479660) 
thrown [s\src\hotspot\share\interpreter\linkResolver.cpp, line 773]
Event: 14.524 Thread 0x000002577d905150 Exception <a 'java/lang/NoSuchMethodError'{0x00000000d647cba8}: 'int java.lang.invoke.Invokers$Holder.linkToTargetMethod(java.lang.Object, java.lang.Object)'> (0x00000000d647cba8) 
thrown [s\src\hotspot\share\interpreter\linkResolver.cpp, line 773]
Event: 14.526 Thread 0x000002577d904ac0 Exception <a 'java/lang/NoSuchMethodError'{0x00000000d6495dc0}: 'int java.lang.invoke.DirectMethodHandle$Holder.invokeSpecial(java.lang.Object, java.lang.Object, java.lang.Object, java.lang.Object)'> (0x00000000d6495dc0) 
thrown [s\src\hotspot\share\interpreter\linkResolver.cpp, line 773]
Event: 14.529 Thread 0x000002577d904ac0 Exception <a 'java/lang/NoSuchMethodError'{0x00000000d64bc440}: 'java.lang.Object java.lang.invoke.DirectMethodHandle$Holder.invokeStatic(java.lang.Object, int, java.lang.Object, java.lang.Object)'> (0x00000000d64bc440) 
thrown [s\src\hotspot\share\interpreter\linkResolver.cpp, line 773]
Event: 14.529 Thread 0x000002577d904ac0 Exception <a 'java/lang/NoSuchMethodError'{0x00000000d64c6730}: 'java.lang.Object java.lang.invoke.DelegatingMethodHandle$Holder.delegate(java.lang.Object, int, java.lang.Object, java.lang.Object)'> (0x00000000d64c6730) 
thrown [s\src\hotspot\share\interpreter\linkResolver.cpp, line 773]
Event: 14.533 Thread 0x000002577d904ac0 Exception <a 'java/lang/NoSuchMethodError'{0x00000000d64e7408}: 'int java.lang.invoke.Invokers$Holder.linkToTargetMethod(java.lang.Object, java.lang.Object, java.lang.Object)'> (0x00000000d64e7408) 
thrown [s\src\hotspot\share\interpreter\linkResolver.cpp, line 773]
Event: 15.602 Thread 0x000002577d905150 Exception <a 'java/lang/NoSuchMethodError'{0x00000000d68c84c8}: 'java.lang.Object java.lang.invoke.DirectMethodHandle$Holder.invokeSpecialIFC(java.lang.Object, java.lang.Object, java.lang.Object, java.lang.Object)'> (0x00000000d68c84c8) 
thrown [s\src\hotspot\share\interpreter\linkResolver.cpp, line 773]
Event: 15.772 Thread 0x000002577d78a4f0 Exception <a 'java/io/FileNotFoundException'{0x00000000d6c12208}> (0x00000000d6c12208) 
thrown [s\src\hotspot\share\prims\jni.cpp, line 520]
Event: 15.773 Thread 0x000002577d78a4f0 Exception <a 'java/io/FileNotFoundException'{0x00000000d6c13210}> (0x00000000d6c13210) 
thrown [s\src\hotspot\share\prims\jni.cpp, line 520]
Event: 15.778 Thread 0x000002577d78a4f0 Exception <a 'java/io/FileNotFoundException'{0x00000000d5585b98}> (0x00000000d5585b98) 
thrown [s\src\hotspot\share\prims\jni.cpp, line 520]

ZGC Phase Switch (0 events):
No events

VM Operations (20 events):
Event: 12.651 Executing safepoint VM operation: ParallelGCFailedAllocation (Allocation Failure)
Event: 12.658 Executing safepoint VM operation: ParallelGCFailedAllocation (Allocation Failure) done
Event: 13.152 Executing safepoint VM operation: ParallelGCFailedAllocation (Allocation Failure)
Event: 13.158 Executing safepoint VM operation: ParallelGCFailedAllocation (Allocation Failure) done
Event: 13.219 Executing safepoint VM operation: CollectForMetadataAllocation (Metadata GC Threshold)
Event: 13.277 Executing safepoint VM operation: CollectForMetadataAllocation (Metadata GC Threshold) done
Event: 14.277 Executing safepoint VM operation: Cleanup
Event: 14.499 Executing safepoint VM operation: Cleanup done
Event: 14.531 Executing non-safepoint VM operation: HandshakeAllThreads (Deoptimize)
Event: 14.531 Executing non-safepoint VM operation: HandshakeAllThreads (Deoptimize) done
Event: 15.540 Executing safepoint VM operation: Cleanup
Event: 15.600 Executing safepoint VM operation: Cleanup done
Event: 15.648 Executing safepoint VM operation: ParallelGCFailedAllocation (Allocation Failure)
Event: 15.650 Executing safepoint VM operation: ParallelGCFailedAllocation (Allocation Failure) done
Event: 15.774 Executing safepoint VM operation: ParallelGCFailedAllocation (Allocation Failure)
Event: 15.777 Executing safepoint VM operation: ParallelGCFailedAllocation (Allocation Failure) done
Event: 15.992 Executing non-safepoint VM operation: HandshakeAllThreads (Deoptimize)
Event: 15.992 Executing non-safepoint VM operation: HandshakeAllThreads (Deoptimize) done
Event: 16.993 Executing safepoint VM operation: Cleanup
Event: 17.009 Executing safepoint VM operation: Cleanup done

Memory protections (0 events):
No events

Nmethod flushes (0 events):
No events

Events (20 events):
Event: 4.276 Thread 0x000002577d78a4f0 Thread added: 0x000002577dfa98f0
Event: 4.346 Thread 0x000002577daa66e0 Thread exited: 0x000002577daa66e0
Event: 5.753 Thread 0x000002577da69bb0 Thread exited: 0x000002577da69bb0
Event: 7.724 Thread 0x000002577d78a4f0 Thread added: 0x000002577d1f1c00
Event: 7.925 Thread 0x0000025776b41800 Thread added: 0x000002577db80d20
Event: 7.926 Thread 0x0000025776b41800 Thread added: 0x000002577e13b070
Event: 8.389 Thread 0x000002577d78a4f0 Thread added: 0x000002577d1be8f0
Event: 8.426 Thread 0x000002577e13b070 Thread exited: 0x000002577e13b070
Event: 8.599 Thread 0x000002577db80d20 Thread exited: 0x000002577db80d20
Event: 8.823 Thread 0x000002577d78a4f0 Thread added: 0x000002577d904ac0
Event: 8.873 Thread 0x000002577d78a4f0 Thread added: 0x000002577d905150
Event: 9.065 Thread 0x0000025776b41800 Thread added: 0x000002577d61a900
Event: 13.278 Thread 0x000002577d61a900 Thread exited: 0x000002577d61a900
Event: 13.945 Thread 0x000002577d904ac0 Thread added: 0x000002577d903da0
Event: 14.099 Thread 0x000002577d903da0 Thread added: 0x000002577d9057e0
Event: 14.565 Thread 0x0000025776b41800 Thread added: 0x000002577d5a5370
Event: 15.509 Thread 0x000002577d5a5370 Thread exited: 0x000002577d5a5370
Event: 15.832 Thread 0x0000025776b41800 Thread added: 0x000002577f039da0
Event: 15.832 Thread 0x0000025776b41800 Thread added: 0x000002577ebd03b0
Event: 15.966 Thread 0x000002577d78a4f0 Thread added: 0x000002577d904430


Dynamic libraries:
0x00007ff6b3860000 - 0x00007ff6b386e000 	c:\Users\LENOVO\.vscode\extensions\redhat.java-1.54.0-win32-x64\jre\21.0.10-win32-x86_64\bin\java.exe
0x00007ffd75d60000 - 0x00007ffd75fc7000 	C:\Windows\SYSTEM32\ntdll.dll
0x00007ffd74da0000 - 0x00007ffd74e69000 	C:\Windows\System32\KERNEL32.DLL
0x00007ffd72cb0000 - 0x00007ffd730a7000 	C:\Windows\System32\KERNELBASE.dll
0x00007ffd72910000 - 0x00007ffd72a5b000 	C:\Windows\System32\ucrtbase.dll
0x00007ffd64fd0000 - 0x00007ffd64fe8000 	c:\Users\LENOVO\.vscode\extensions\redhat.java-1.54.0-win32-x64\jre\21.0.10-win32-x86_64\bin\jli.dll
0x00007ffd74820000 - 0x00007ffd749e6000 	C:\Windows\System32\USER32.dll
0x00007ffd72c80000 - 0x00007ffd72ca7000 	C:\Windows\System32\win32u.dll
0x00007ffd75020000 - 0x00007ffd7504b000 	C:\Windows\System32\GDI32.dll
0x00007ffd739b0000 - 0x00007ffd73adc000 	C:\Windows\System32\gdi32full.dll
0x00007ffd72a60000 - 0x00007ffd72b03000 	C:\Windows\System32\msvcp_win.dll
0x00007ffd62870000 - 0x00007ffd6288e000 	c:\Users\LENOVO\.vscode\extensions\redhat.java-1.54.0-win32-x64\jre\21.0.10-win32-x86_64\bin\VCRUNTIME140.dll
0x00007ffd5f810000 - 0x00007ffd5faa2000 	C:\Windows\WinSxS\amd64_microsoft.windows.common-controls_6595b64144ccf1df_6.0.26100.8457_none_3e0b2faee331e92d\COMCTL32.dll
0x00007ffd74ab0000 - 0x00007ffd74b59000 	C:\Windows\System32\msvcrt.dll
0x00007ffd74fd0000 - 0x00007ffd75002000 	C:\Windows\System32\IMM32.DLL
0x00007ffd6d440000 - 0x00007ffd6d44c000 	c:\Users\LENOVO\.vscode\extensions\redhat.java-1.54.0-win32-x64\jre\21.0.10-win32-x86_64\bin\vcruntime140_1.dll
0x00007ffd61230000 - 0x00007ffd612bd000 	c:\Users\LENOVO\.vscode\extensions\redhat.java-1.54.0-win32-x64\jre\21.0.10-win32-x86_64\bin\msvcp140.dll
0x00007ffd24c20000 - 0x00007ffd259c1000 	c:\Users\LENOVO\.vscode\extensions\redhat.java-1.54.0-win32-x64\jre\21.0.10-win32-x86_64\bin\server\jvm.dll
0x00007ffd749f0000 - 0x00007ffd74aa6000 	C:\Windows\System32\ADVAPI32.dll
0x00007ffd75c70000 - 0x00007ffd75d17000 	C:\Windows\System32\sechost.dll
0x00007ffd74b60000 - 0x00007ffd74c78000 	C:\Windows\System32\RPCRT4.dll
0x00007ffd74e70000 - 0x00007ffd74ef0000 	C:\Windows\System32\WS2_32.dll
0x00007ffd66ec0000 - 0x00007ffd66ef6000 	C:\Windows\SYSTEM32\WINMM.dll
0x00007ffd66d00000 - 0x00007ffd66d0b000 	C:\Windows\SYSTEM32\VERSION.dll
0x00007ffd725f0000 - 0x00007ffd7264e000 	C:\Windows\SYSTEM32\POWRPROF.dll
0x00007ffd725d0000 - 0x00007ffd725e4000 	C:\Windows\SYSTEM32\UMPDC.dll
0x00007ffd71520000 - 0x00007ffd7153b000 	C:\Windows\SYSTEM32\kernel.appcore.dll
0x00007ffd6a8d0000 - 0x00007ffd6a8da000 	c:\Users\LENOVO\.vscode\extensions\redhat.java-1.54.0-win32-x64\jre\21.0.10-win32-x86_64\bin\jimage.dll
0x00007ffd70940000 - 0x00007ffd70b82000 	C:\Windows\SYSTEM32\DBGHELP.DLL
0x00007ffd73ae0000 - 0x00007ffd73e63000 	C:\Windows\System32\combase.dll
0x00007ffd742b0000 - 0x00007ffd74389000 	C:\Windows\System32\OLEAUT32.dll
0x00007ffd4f1b0000 - 0x00007ffd4f1eb000 	C:\Windows\SYSTEM32\dbgcore.DLL
0x00007ffd72b10000 - 0x00007ffd72bb8000 	C:\Windows\System32\bcryptPrimitives.dll
0x00007ffd59300000 - 0x00007ffd5930f000 	c:\Users\LENOVO\.vscode\extensions\redhat.java-1.54.0-win32-x64\jre\21.0.10-win32-x86_64\bin\instrument.dll
0x00007ffd624e0000 - 0x00007ffd62500000 	c:\Users\LENOVO\.vscode\extensions\redhat.java-1.54.0-win32-x64\jre\21.0.10-win32-x86_64\bin\java.dll
0x00007ffd75210000 - 0x00007ffd7597e000 	C:\Windows\System32\SHELL32.dll
0x00007ffd730b0000 - 0x00007ffd7391c000 	C:\Windows\System32\windows.storage.dll
0x00007ffd75b70000 - 0x00007ffd75c66000 	C:\Windows\System32\SHCORE.dll
0x00007ffd74d30000 - 0x00007ffd74d96000 	C:\Windows\System32\shlwapi.dll
0x00007ffd726b0000 - 0x00007ffd726d9000 	C:\Windows\SYSTEM32\profapi.dll
0x00007ffd62430000 - 0x00007ffd62448000 	c:\Users\LENOVO\.vscode\extensions\redhat.java-1.54.0-win32-x64\jre\21.0.10-win32-x86_64\bin\zip.dll
0x00007ffd64ef0000 - 0x00007ffd64f00000 	C:\Users\LENOVO\.vscode\extensions\redhat.java-1.54.0-win32-x64\jre\21.0.10-win32-x86_64\bin\net.dll
0x00007ffd6b2e0000 - 0x00007ffd6b409000 	C:\Windows\SYSTEM32\WINHTTP.dll
0x00007ffd71a90000 - 0x00007ffd71afc000 	C:\Windows\system32\mswsock.dll
0x00007ffd623f0000 - 0x00007ffd62406000 	C:\Users\LENOVO\.vscode\extensions\redhat.java-1.54.0-win32-x64\jre\21.0.10-win32-x86_64\bin\nio.dll
0x00007ffd61210000 - 0x00007ffd61220000 	c:\Users\LENOVO\.vscode\extensions\redhat.java-1.54.0-win32-x64\jre\21.0.10-win32-x86_64\bin\verify.dll
0x00007ffd31600000 - 0x00007ffd31645000 	C:\Users\LENOVO\AppData\Roaming\Code\User\globalStorage\redhat.java\1.54.0\config_win\org.eclipse.equinox.launcher\org.eclipse.equinox.launcher.win32.win32.x86_64_1.3.0.v20260203-2149\eclipse_11919.dll
0x00007ffd73f30000 - 0x00007ffd740c7000 	C:\Windows\System32\ole32.dll
0x00007ffd71d70000 - 0x00007ffd71d8b000 	C:\Windows\SYSTEM32\CRYPTSP.dll
0x00007ffd71480000 - 0x00007ffd714b9000 	C:\Windows\system32\rsaenh.dll
0x00007ffd71b40000 - 0x00007ffd71b73000 	C:\Windows\SYSTEM32\USERENV.dll
0x00007ffd72680000 - 0x00007ffd726aa000 	C:\Windows\SYSTEM32\bcrypt.dll
0x00007ffd71d90000 - 0x00007ffd71d9c000 	C:\Windows\SYSTEM32\CRYPTBASE.dll
0x00007ffd70f10000 - 0x00007ffd70f42000 	C:\Windows\SYSTEM32\IPHLPAPI.DLL
0x00007ffd75010000 - 0x00007ffd7501a000 	C:\Windows\System32\NSI.dll

JVMTI agents:
c:\Users\LENOVO\.vscode\extensions\redhat.java-1.54.0-win32-x64\lombok\lombok-1.18.39-4050.jar path:c:\Users\LENOVO\.vscode\extensions\redhat.java-1.54.0-win32-x64\jre\21.0.10-win32-x86_64\bin\instrument.dll, loaded, initialized, instrumentlib options:none

dbghelp: loaded successfully - version: 4.0.5 - missing functions: none
symbol engine: initialized successfully - sym options: 0x614 - pdb path: .;c:\Users\LENOVO\.vscode\extensions\redhat.java-1.54.0-win32-x64\jre\21.0.10-win32-x86_64\bin;C:\Windows\SYSTEM32;C:\Windows\WinSxS\amd64_microsoft.windows.common-controls_6595b64144ccf1df_6.0.26100.8457_none_3e0b2faee331e92d;c:\Users\LENOVO\.vscode\extensions\redhat.java-1.54.0-win32-x64\jre\21.0.10-win32-x86_64\bin\server;C:\Users\LENOVO\AppData\Roaming\Code\User\globalStorage\redhat.java\1.54.0\config_win\org.eclipse.equinox.launcher\org.eclipse.equinox.launcher.win32.win32.x86_64_1.3.0.v20260203-2149

VM Arguments:
jvm_args: --add-modules=ALL-SYSTEM --add-opens=java.base/java.util=ALL-UNNAMED --add-opens=java.base/java.lang=ALL-UNNAMED --add-opens=java.base/sun.nio.fs=ALL-UNNAMED -Declipse.application=org.eclipse.jdt.ls.core.id1 -Dosgi.bundles.defaultStartLevel=4 -Declipse.product=org.eclipse.jdt.ls.core.product -Djava.import.generatesMetadataFilesAtProjectRoot=false -DDetectVMInstallationsJob.disabled=true -Dfile.encoding=utf8 -XX:+UseParallelGC -XX:GCTimeRatio=4 -XX:AdaptiveSizePolicyWeight=90 -Dsun.zip.disableMemoryMapping=true -Xmx2G -Xms100m -Xlog:disable -javaagent:c:\Users\LENOVO\.vscode\extensions\redhat.java-1.54.0-win32-x64\lombok\lombok-1.18.39-4050.jar -XX:+HeapDumpOnOutOfMemoryError -XX:HeapDumpPath=c:\Users\LENOVO\AppData\Roaming\Code\User\workspaceStorage\0d88da814efa6f1f61916e2de9831c91\redhat.java -Daether.dependencyCollector.impl=bf 
java_command: c:\Users\LENOVO\.vscode\extensions\redhat.java-1.54.0-win32-x64\server\plugins\org.eclipse.equinox.launcher_1.7.100.v20251111-0406.jar -configuration c:\Users\LENOVO\AppData\Roaming\Code\User\globalStorage\redhat.java\1.54.0\config_win -data c:\Users\LENOVO\AppData\Roaming\Code\User\workspaceStorage\0d88da814efa6f1f61916e2de9831c91\redhat.java\jdt_ws --pipe=\\.\pipe\lsp-6c7f6b99754fcd9dc5e2b96772513a56-sock
java_class_path (initial): c:\Users\LENOVO\.vscode\extensions\redhat.java-1.54.0-win32-x64\server\plugins\org.eclipse.equinox.launcher_1.7.100.v20251111-0406.jar
Launcher Type: SUN_STANDARD

[Global flags]
    uintx AdaptiveSizePolicyWeight                 = 90                                        {product} {command line}
     intx CICompilerCount                          = 4                                         {product} {ergonomic}
    uintx GCTimeRatio                              = 4                                         {product} {command line}
     bool HeapDumpOnOutOfMemoryError               = true                                   {manageable} {command line}
    ccstr HeapDumpPath                             = c:\Users\LENOVO\AppData\Roaming\Code\User\workspaceStorage\0d88da814efa6f1f61916e2de9831c91\redhat.java         {manageable} {command line}
   size_t InitialHeapSize                          = 104857600                                 {product} {command line}
   size_t MaxHeapSize                              = 2147483648                                {product} {command line}
   size_t MaxNewSize                               = 715653120                                 {product} {ergonomic}
   size_t MinHeapDeltaBytes                        = 524288                                    {product} {ergonomic}
   size_t MinHeapSize                              = 104857600                                 {product} {command line}
   size_t NewSize                                  = 34603008                                  {product} {ergonomic}
    uintx NonNMethodCodeHeapSize                   = 5839372                                {pd product} {ergonomic}
    uintx NonProfiledCodeHeapSize                  = 122909434                              {pd product} {ergonomic}
   size_t OldSize                                  = 70254592                                  {product} {ergonomic}
    uintx ProfiledCodeHeapSize                     = 122909434                              {pd product} {ergonomic}
    uintx ReservedCodeCacheSize                    = 251658240                              {pd product} {ergonomic}
     bool SegmentedCodeCache                       = true                                      {product} {ergonomic}
   size_t SoftMaxHeapSize                          = 2147483648                             {manageable} {ergonomic}
     bool UseCompressedOops                        = true                           {product lp64_product} {ergonomic}
     bool UseLargePagesIndividualAllocation        = false                                  {pd product} {ergonomic}
     bool UseParallelGC                            = true                                      {product} {command line}

Logging:
Log output configuration:
 #0: stdout all=off uptime,level,tags foldmultilines=false
 #1: stderr all=off uptime,level,tags foldmultilines=false

Release file:
JAVA_VERSION="21.0.10" 
MODULES="java.base java.compiler java.datatransfer java.xml java.prefs java.desktop java.instrument java.logging java.management java.security.sasl java.naming java.rmi java.management.rmi java.net.http java.scripting java.security.jgss java.transaction.xa java.sql java.sql.rowset java.xml.crypto java.se java.smartcardio jdk.accessibility jdk.internal.jvmstat jdk.attach jdk.charsets jdk.internal.opt jdk.zipfs jdk.compiler jdk.crypto.ec jdk.crypto.cryptoki jdk.crypto.mscapi jdk.dynalink jdk.internal.ed jdk.editpad jdk.hotspot.agent jdk.httpserver jdk.internal.le jdk.internal.vm.ci jdk.internal.vm.compiler jdk.internal.vm.compiler.management jdk.jartool jdk.javadoc jdk.jcmd jdk.management jdk.management.agent jdk.jconsole jdk.jdeps jdk.jdwp.agent jdk.jdi jdk.jfr jdk.jshell jdk.jsobject jdk.jstatd jdk.localedata jdk.management.jfr jdk.naming.dns jdk.naming.rmi jdk.net jdk.nio.mapmode jdk.random jdk.sctp jdk.security.auth jdk.security.jgss jdk.unsupported jdk.unsupported.desktop jdk.xml.dom" 

Environment Variables:
PATH=C:\Program Files\Common Files\Oracle\Java\javapath;C:\Program Files\Python313\Scripts\;C:\Program Files\Python313\;C:\Windows\system32;C:\Windows;C:\Windows\System32\Wbem;C:\Windows\System32\WindowsPowerShell\v1.0\;C:\Windows\System32\OpenSSH\;C:\Program Files\Git\cmd;C:\Program Files\nodejs\;C:\Users\LENOVO\AppData\Local\Microsoft\WindowsApps;C:\Users\LENOVO\AppData\Roaming\npm;C:\Users\LENOVO\AppData\Local\Programs\Microsoft VS Code\bin
USERNAME=LENOVO
OS=Windows_NT
PROCESSOR_IDENTIFIER=AMD64 Family 23 Model 160 Stepping 0, AuthenticAMD
TMP=C:\Users\LENOVO\AppData\Local\Temp
TEMP=C:\Users\LENOVO\AppData\Local\Temp




Periodic native trim disabled

---------------  S Y S T E M  ---------------

OS:
 Windows 11 , 64 bit Build 26100 (10.0.26100.8328)
OS uptime: 9 days 1:35 hours
Hyper-V role detected

CPU: total 8 (initial active 8) (8 cores per cpu, 2 threads per core) family 23 model 160 stepping 0 microcode 0x8a0000a, cx8, cmov, fxsr, ht, mmx, 3dnowpref, sse, sse2, sse3, ssse3, sse4a, sse4.1, sse4.2, popcnt, lzcnt, tsc, tscinvbit, avx, avx2, aes, clmul, bmi1, bmi2, adx, sha, fma, vzeroupper, clflush, clflushopt, hv, rdtscp, rdpid, f16c
Processor Information for the first 8 processors :
  Max Mhz: 2401, Current Mhz: 2401, Mhz Limit: 2401

Memory: 4k page, system-wide physical 5965M (601M free)
TotalPageFile size 24397M (AvailPageFile size 43M)
current process WorkingSet (physical memory assigned to process): 170M, peak: 170M
current process commit charge ("private bytes"): 300M, peak: 301M

vm_info: OpenJDK 64-Bit Server VM (21.0.10+7-LTS) for windows-amd64 JRE (21.0.10+7-LTS), built on 2026-01-20T00:00:00Z by "admin" with MS VC++ 17.12 (VS2022)

END.
